Archive member included to satisfy reference by file (symbol)

../../libDaisy//build/libdaisy.a(daisy_seed.o)
                              build/GuitarPedal.o (daisy::DaisySeed::StartAudio(void (*)(float const* const*, float**, unsigned int)))
../../libDaisy//build/libdaisy.a(codec_ak4556.o)
                              ../../libDaisy//build/libdaisy.a(daisy_seed.o) (daisy::Ak4556::Init(dsy_gpio_pin))
../../libDaisy//build/libdaisy.a(codec_wm8731.o)
                              ../../libDaisy//build/libdaisy.a(daisy_seed.o) (daisy::Wm8731::Init(daisy::Wm8731::Config const&, daisy::I2CHandle))
../../libDaisy//build/libdaisy.a(sdram.o)
                              ../../libDaisy//build/libdaisy.a(daisy_seed.o) (SdramHandle::Init())
../../libDaisy//build/libdaisy.a(audio.o)
                              ../../libDaisy//build/libdaisy.a(daisy_seed.o) (daisy::AudioHandle::Init(daisy::AudioHandle::Config const&, daisy::SaiHandle))
../../libDaisy//build/libdaisy.a(switch.o)
                              build/GuitarPedal.o (daisy::Switch::Init(dsy_gpio_pin, float))
../../libDaisy//build/libdaisy.a(adc.o)
                              build/GuitarPedal.o (daisy::AdcChannelConfig::InitSingle(dsy_gpio_pin, daisy::AdcChannelConfig::ConversionSpeed))
../../libDaisy//build/libdaisy.a(gpio.o)
                              build/GuitarPedal.o (daisy::GPIO::Init(daisy::Pin, daisy::GPIO::Mode, daisy::GPIO::Pull, daisy::GPIO::Speed))
../../libDaisy//build/libdaisy.a(i2c.o)
                              ../../libDaisy//build/libdaisy.a(daisy_seed.o) (daisy::I2CHandle::Init(daisy::I2CHandle::Config const&))
../../libDaisy//build/libdaisy.a(qspi.o)
                              ../../libDaisy//build/libdaisy.a(daisy_seed.o) (daisy::QSPIHandle::Init(daisy::QSPIHandle::Config const&))
../../libDaisy//build/libdaisy.a(sai.o)
                              ../../libDaisy//build/libdaisy.a(daisy_seed.o) (daisy::SaiHandle::Init(daisy::SaiHandle::Config const&))
../../libDaisy//build/libdaisy.a(system.o)
                              ../../libDaisy//build/libdaisy.a(daisy_seed.o) (daisy::System::DeInit())
../../libDaisy//build/libdaisy.a(system_stm32h7xx.o)
                              build/startup_stm32h750xx.o (SystemInit)
../../libDaisy//build/libdaisy.a(usbd_conf.o)
                              ../../libDaisy//build/libdaisy.a(system.o) (hpcd_USB_OTG_HS)
../../libDaisy//build/libdaisy.a(usbh_conf.o)
                              ../../libDaisy//build/libdaisy.a(system.o) (hhcd_USB_OTG_HS)
../../libDaisy//build/libdaisy.a(hal_map.o)
                              ../../libDaisy//build/libdaisy.a(gpio.o) (dsy_hal_map_get_port)
../../libDaisy//build/libdaisy.a(stm32h7xx_hal.o)
                              ../../libDaisy//build/libdaisy.a(system.o) (HAL_Init)
../../libDaisy//build/libdaisy.a(stm32h7xx_hal_adc.o)
                              ../../libDaisy//build/libdaisy.a(adc.o) (HAL_ADC_ConfigChannel)
../../libDaisy//build/libdaisy.a(stm32h7xx_hal_adc_ex.o)
                              ../../libDaisy//build/libdaisy.a(adc.o) (HAL_ADCEx_Calibration_Start)
../../libDaisy//build/libdaisy.a(stm32h7xx_hal_cortex.o)
                              ../../libDaisy//build/libdaisy.a(stm32h7xx_hal.o) (HAL_NVIC_SetPriorityGrouping)
../../libDaisy//build/libdaisy.a(stm32h7xx_hal_dma.o)
                              ../../libDaisy//build/libdaisy.a(adc.o) (HAL_DMA_Init)
../../libDaisy//build/libdaisy.a(stm32h7xx_hal_gpio.o)
                              ../../libDaisy//build/libdaisy.a(sdram.o) (HAL_GPIO_Init)
../../libDaisy//build/libdaisy.a(stm32h7xx_hal_hcd.o)
                              ../../libDaisy//build/libdaisy.a(usbh_conf.o) (HAL_HCD_HC_Init)
../../libDaisy//build/libdaisy.a(stm32h7xx_hal_i2c.o)
                              ../../libDaisy//build/libdaisy.a(i2c.o) (HAL_I2C_Init)
../../libDaisy//build/libdaisy.a(stm32h7xx_hal_i2c_ex.o)
                              ../../libDaisy//build/libdaisy.a(i2c.o) (HAL_I2CEx_ConfigAnalogFilter)
../../libDaisy//build/libdaisy.a(stm32h7xx_hal_pcd.o)
                              ../../libDaisy//build/libdaisy.a(usbd_conf.o) (HAL_PCD_Init)
../../libDaisy//build/libdaisy.a(stm32h7xx_hal_pcd_ex.o)
                              ../../libDaisy//build/libdaisy.a(usbd_conf.o) (HAL_PCDEx_SetTxFiFo)
../../libDaisy//build/libdaisy.a(stm32h7xx_hal_pwr_ex.o)
                              ../../libDaisy//build/libdaisy.a(system.o) (HAL_PWREx_ConfigSupply)
../../libDaisy//build/libdaisy.a(stm32h7xx_hal_qspi.o)
                              ../../libDaisy//build/libdaisy.a(qspi.o) (HAL_QSPI_Init)
../../libDaisy//build/libdaisy.a(stm32h7xx_hal_rcc.o)
                              ../../libDaisy//build/libdaisy.a(system.o) (HAL_RCC_OscConfig)
../../libDaisy//build/libdaisy.a(stm32h7xx_hal_rcc_ex.o)
                              ../../libDaisy//build/libdaisy.a(system.o) (HAL_RCCEx_PeriphCLKConfig)
../../libDaisy//build/libdaisy.a(stm32h7xx_hal_sai.o)
[...]
Memory Configuration

Name             Origin             Length             Attributes
FLASH            0x0000000008000000 0x0000000000020000 xr
DTCMRAM          0x0000000020000000 0x0000000000020000 xrw
SRAM             0x0000000024000000 0x0000000000080000 xrw
RAM_D2           0x0000000030000000 0x0000000000048000 xrw
RAM_D3           0x0000000038000000 0x0000000000010000 xrw
BACKUP_SRAM      0x0000000038800000 0x0000000000001000 xrw
ITCMRAM          0x0000000000000000 0x0000000000010000 xrw
SDRAM            0x00000000c0000000 0x0000000004000000 xrw
QSPIFLASH        0x0000000090000000 0x0000000000800000 xr
*default*        0x0000000000000000 0xffffffffffffffff

Linker script and memory map

LOAD /Library/DaisyToolchain/0.2.0/arm/bin/../lib/gcc/arm-none-eabi/10.3.1/thumb/v7e-m+dp/hard/crti.o
LOAD /Library/DaisyToolchain/0.2.0/arm/bin/../lib/gcc/arm-none-eabi/10.3.1/thumb/v7e-m+dp/hard/crtbegin.o
LOAD /Library/DaisyToolchain/0.2.0/arm/bin/../lib/gcc/arm-none-eabi/10.3.1/../../../../arm-none-eabi/lib/thumb/v7e-m+dp/hard/crt0.o
LOAD build/startup_stm32h750xx.o
LOAD build/GuitarPedal.o
LOAD ../../libDaisy//build/libdaisy.a
LOAD /Library/DaisyToolchain/0.2.0/arm/bin/../lib/gcc/arm-none-eabi/10.3.1/../../../../arm-none-eabi/lib/thumb/v7e-m+dp/hard/libnosys.a
LOAD ../../DaisySP//build/libdaisysp.a
LOAD /Library/DaisyToolchain/0.2.0/arm/bin/../lib/gcc/arm-none-eabi/10.3.1/../../../../arm-none-eabi/lib/thumb/v7e-m+dp/hard/libstdc++_nano.a
LOAD /Library/DaisyToolchain/0.2.0/arm/bin/../lib/gcc/arm-none-eabi/10.3.1/../../../../arm-none-eabi/lib/thumb/v7e-m+dp/hard/libm.a
LOAD /Library/DaisyToolchain/0.2.0/arm/bin/../lib/gcc/arm-none-eabi/10.3.1/../../../../arm-none-eabi/lib/thumb/v7e-m+dp/hard/libc_nano.a
START GROUP
LOAD /Library/DaisyToolchain/0.2.0/arm/bin/../lib/gcc/arm-none-eabi/10.3.1/thumb/v7e-m+dp/hard/libgcc.a
LOAD /Library/DaisyToolchain/0.2.0/arm/bin/../lib/gcc/arm-none-eabi/10.3.1/../../../../arm-none-eabi/lib/thumb/v7e-m+dp/hard/libc_nano.a
END GROUP
START GROUP
LOAD /Library/DaisyToolchain/0.2.0/arm/bin/../lib/gcc/arm-none-eabi/10.3.1/thumb/v7e-m+dp/hard/libgcc.a
LOAD /Library/DaisyToolchain/0.2.0/arm/bin/../lib/gcc/arm-none-eabi/10.3.1/../../../../arm-none-eabi/lib/thumb/v7e-m+dp/hard/libc_nano.a
LOAD /Library/DaisyToolchain/0.2.0/arm/bin/../lib/gcc/arm-none-eabi/10.3.1/../../../../arm-none-eabi/lib/thumb/v7e-m+dp/hard/libnosys.a
END GROUP
START GROUP
LOAD /Library/DaisyToolchain/0.2.0/arm/bin/../lib/gcc/arm-none-eabi/10.3.1/thumb/v7e-m+dp/hard/libgcc.a
LOAD /Library/DaisyToolchain/0.2.0/arm/bin/../lib/gcc/arm-none-eabi/10.3.1/../../../../arm-none-eabi/lib/thumb/v7e-m+dp/hard/libc_nano.a
LOAD /Library/DaisyToolchain/0.2.0/arm/bin/../lib/gcc/arm-none-eabi/10.3.1/../../../../arm-none-eabi/lib/thumb/v7e-m+dp/hard/libnosys.a
END GROUP
LOAD /Library/DaisyToolchain/0.2.0/arm/bin/../lib/gcc/arm-none-eabi/10.3.1/thumb/v7e-m+dp/hard/crtend.o
LOAD /Library/DaisyToolchain/0.2.0/arm/bin/../lib/gcc/arm-none-eabi/10.3.1/thumb/v7e-m+dp/hard/crtn.o
                0x0000000020020000                _estack = 0x20020000

.isr_vector     0x0000000008000000      0x298
                0x0000000008000000                . = ALIGN (0x4)
 *(.isr_vector)
 .isr_vector    0x0000000008000000      0x298 build/startup_stm32h750xx.o
                0x0000000008000000                g_pfnVectors
                0x0000000008000298                . = ALIGN (0x4)

.text           0x0000000008000298    0x11730
                0x0000000008000298                . = ALIGN (0x4)
                0x0000000008000298                _stext = .
 *(.text)
 .text          0x0000000008000298       0x40 /Library/DaisyToolchain/0.2.0/arm/bin/../lib/gcc/arm-none-eabi/10.3.1/thumb/v7e-m+dp/hard/crtbegin.o
 .text          0x00000000080002d8       0x30 /Library/DaisyToolchain/0.2.0/arm/bin/../lib/gcc/arm-none-eabi/10.3.1/thumb/v7e-m+dp/hard/libgcc.a(_aeabi_uldivmod.o)
                0x00000000080002d8                __aeabi_uldivmod
 .text          0x0000000008000308      0x2d0 /Library/DaisyToolchain/0.2.0/arm/bin/../lib/gcc/arm-none-eabi/10.3.1/thumb/v7e-m+dp/hard/libgcc.a(_udivmoddi4.o)
                0x0000000008000308                __udivmoddi4
 .text          0x00000000080005d8        0x4 /Library/DaisyToolchain/0.2.0/arm/bin/../lib/gcc/arm-none-eabi/10.3.1/thumb/v7e-m+dp/hard/libgcc.a(_dvmd_tls.o)
                0x00000000080005d8                __aeabi_ldiv0
                0x00000000080005d8                __aeabi_idiv0
 *(.text*)
 .text.Default_Handler
                0x00000000080005dc        0x4 build/startup_stm32h750xx.o
                0x00000000080005dc                SAI1_IRQHandler
                0x00000000080005dc                HASH_RNG_IRQHandler
                0x00000000080005dc                EXTI2_IRQHandler
                0x00000000080005dc                TIM8_CC_IRQHandler
                0x00000000080005dc                HRTIM1_Master_IRQHandler
                0x00000000080005dc                DebugMon_Handler
                0x00000000080005dc                TIM1_CC_IRQHandler
                0x00000000080005dc                BDMA_Channel6_IRQHandler
                0x00000000080005dc                DMA2_Stream5_IRQHandler
                0x00000000080005dc                HRTIM1_FLT_IRQHandler
                0x00000000080005dc                JPEG_IRQHandler
                0x00000000080005dc                BDMA_Channel1_IRQHandler
                0x00000000080005dc                HRTIM1_TIMD_IRQHandler
                0x00000000080005dc                TAMP_STAMP_IRQHandler
                0x00000000080005dc                PendSV_Handler
                0x00000000080005dc                NMI_Handler
                0x00000000080005dc                EXTI3_IRQHandler
                0x00000000080005dc                LPTIM4_IRQHandler
                0x00000000080005dc                TIM8_TRG_COM_TIM14_IRQHandler
                0x00000000080005dc                LPTIM2_IRQHandler
                0x00000000080005dc                DFSDM1_FLT1_IRQHandler
                0x00000000080005dc                DMAMUX2_OVR_IRQHandler
                0x00000000080005dc                TIM8_UP_TIM13_IRQHandler
                0x00000000080005dc                I2C3_ER_IRQHandler
                0x00000000080005dc                DFSDM1_FLT2_IRQHandler
                0x00000000080005dc                MDMA_IRQHandler
                0x00000000080005dc                LPTIM3_IRQHandler
                0x00000000080005dc                HSEM1_IRQHandler
                0x00000000080005dc                EXTI0_IRQHandler
                0x00000000080005dc                FPU_IRQHandler
                0x00000000080005dc                OTG_HS_WKUP_IRQHandler
                0x00000000080005dc                FDCAN1_IT1_IRQHandler
                0x00000000080005dc                UsageFault_Handler
                0x00000000080005dc                LTDC_ER_IRQHandler
                0x00000000080005dc                HRTIM1_TIME_IRQHandler
                0x00000000080005dc                TIM6_DAC_IRQHandler
                0x00000000080005dc                DCMI_IRQHandler
                0x00000000080005dc                HRTIM1_TIMC_IRQHandler
                0x00000000080005dc                SAI2_IRQHandler
                0x00000000080005dc                DFSDM1_FLT3_IRQHandler
                0x00000000080005dc                TIM17_IRQHandler
                0x00000000080005dc                CRYP_IRQHandler
                0x00000000080005dc                BDMA_Channel7_IRQHandler
                0x00000000080005dc                LPTIM5_IRQHandler
                0x00000000080005dc                ADC3_IRQHandler
                0x00000000080005dc                DMA2_Stream0_IRQHandler
                0x00000000080005dc                BDMA_Channel2_IRQHandler
                0x00000000080005dc                DMAMUX1_OVR_IRQHandler
                0x00000000080005dc                TIM16_IRQHandler
                0x00000000080005dc                BDMA_Channel5_IRQHandler
                0x00000000080005dc                RCC_IRQHandler
                0x00000000080005dc                TIM8_BRK_TIM12_IRQHandler
                0x00000000080005dc                TIM1_TRG_COM_IRQHandler
                0x00000000080005dc                Default_Handler
                0x00000000080005dc                ECC_IRQHandler
                0x00000000080005dc                CEC_IRQHandler
                0x00000000080005dc                EXTI15_10_IRQHandler
                0x00000000080005dc                BDMA_Channel0_IRQHandler
                0x00000000080005dc                ADC_IRQHandler
                0x00000000080005dc                DMA1_Stream7_IRQHandler
                0x00000000080005dc                HRTIM1_TIMA_IRQHandler
                0x00000000080005dc                TIM7_IRQHandler
                0x00000000080005dc                SDMMC1_IRQHandler
                0x00000000080005dc                DMA2_Stream7_IRQHandler
                0x00000000080005dc                TIM15_IRQHandler
                0x00000000080005dc                PVD_AVD_IRQHandler
                0x00000000080005dc                EXTI9_5_IRQHandler
                0x00000000080005dc                RTC_WKUP_IRQHandler
                0x00000000080005dc                LTDC_IRQHandler
                0x00000000080005dc                SAI3_IRQHandler
                0x00000000080005dc                ETH_WKUP_IRQHandler
                0x00000000080005dc                SPDIF_RX_IRQHandler
                0x00000000080005dc                MemManage_Handler
                0x00000000080005dc                SVC_Handler
                0x00000000080005dc                CRS_IRQHandler
                0x00000000080005dc                EXTI4_IRQHandler
                0x00000000080005dc                HRTIM1_TIMB_IRQHandler
                0x00000000080005dc                FDCAN2_IT1_IRQHandler
                0x00000000080005dc                ETH_IRQHandler
                0x00000000080005dc                TIM1_UP_IRQHandler
                0x00000000080005dc                BDMA_Channel4_IRQHandler
                0x00000000080005dc                WWDG_IRQHandler
                0x00000000080005dc                SPI6_IRQHandler
                0x00000000080005dc                I2C4_EV_IRQHandler
                0x00000000080005dc                MDIOS_IRQHandler
                0x00000000080005dc                FDCAN2_IT0_IRQHandler
                0x00000000080005dc                FDCAN1_IT0_IRQHandler
                0x00000000080005dc                OTG_FS_WKUP_IRQHandler
                0x00000000080005dc                DMA2D_IRQHandler
                0x00000000080005dc                TIM1_BRK_IRQHandler
                0x00000000080005dc                EXTI1_IRQHandler
                0x00000000080005dc                SDMMC2_IRQHandler
                0x00000000080005dc                OTG_FS_EP1_OUT_IRQHandler
                0x00000000080005dc                BDMA_Channel3_IRQHandler
                0x00000000080005dc                MDIOS_WKUP_IRQHandler
                0x00000000080005dc                DFSDM1_FLT0_IRQHandler
                0x00000000080005dc                SAI4_IRQHandler
                0x00000000080005dc                I2C2_ER_IRQHandler
                0x00000000080005dc                DMA2_Stream1_IRQHandler
                0x00000000080005dc                FLASH_IRQHandler
                0x00000000080005dc                BusFault_Handler
                0x00000000080005dc                OTG_FS_IRQHandler
                0x00000000080005dc                WAKEUP_PIN_IRQHandler
                0x00000000080005dc                OTG_FS_EP1_IN_IRQHandler
                0x00000000080005dc                I2C1_ER_IRQHandler
                0x00000000080005dc                FMC_IRQHandler
                0x00000000080005dc                FDCAN_CAL_IRQHandler
                0x00000000080005dc                SWPMI1_IRQHandler
                0x00000000080005dc                COMP1_IRQHandler
                0x00000000080005dc                LPTIM1_IRQHandler
                0x00000000080005dc                I2C4_ER_IRQHandler
                0x00000000080005dc                DMA2_Stream6_IRQHandler
                0x00000000080005dc                RTC_Alarm_IRQHandler
 .text.Reset_Handler
                0x00000000080005e0       0x44 build/startup_stm32h750xx.o
                0x00000000080005e0                Reset_Handler
 .text._ZN5daisy9DaisySeedD2Ev
                0x0000000008000624        0x4 build/GuitarPedal.o
                0x0000000008000624                daisy::DaisySeed::~DaisySeed()
                0x0000000008000624                daisy::DaisySeed::~DaisySeed()
 .text._ZN7daisysp6PhaserD2Ev
                0x0000000008000628        0x4 build/GuitarPedal.o
                0x0000000008000628                daisysp::Phaser::~Phaser()
                0x0000000008000628                daisysp::Phaser::~Phaser()
 *fill*         0x000000000800062c        0x4 
 .text._Z13AudioCallbackPKPKfPPfj
                0x0000000008000630      0x178 build/GuitarPedal.o
                0x0000000008000630                AudioCallback(float const* const*, float**, unsigned int)
 .text.startup.main
                0x00000000080007a8      0x128 build/GuitarPedal.o
                0x00000000080007a8                main
 .text.startup._GLOBAL__sub_I_hw
                0x00000000080008d0       0x38 build/GuitarPedal.o
 .text._ZN5daisy9DaisySeed10StartAudioEPFvPKPKfPPfjE
                0x0000000008000908        0x8 ../../libDaisy//build/libdaisy.a(daisy_seed.o)
                0x0000000008000908                daisy::DaisySeed::StartAudio(void (*)(float const* const*, float**, unsigned int))
 .text._ZN5daisy9DaisySeed18SetAudioSampleRateENS_9SaiHandle6Config10SampleRateE
                0x0000000008000910       0x38 ../../libDaisy//build/libdaisy.a(daisy_seed.o)
                0x0000000008000910                daisy::DaisySeed::SetAudioSampleRate(daisy::SaiHandle::Config::SampleRate)
 .text._ZN5daisy9DaisySeed17SetAudioBlockSizeEj
                0x0000000008000948       0x38 ../../libDaisy//build/libdaisy.a(daisy_seed.o)
                0x0000000008000948                daisy::DaisySeed::SetAudioBlockSize(unsigned int)
 .text._ZN5daisy9DaisySeed17CheckBoardVersionEv
                0x0000000008000980       0x6c ../../libDaisy//build/libdaisy.a(daisy_seed.o)
                0x0000000008000980                daisy::DaisySeed::CheckBoardVersion()
 .text._ZN5daisy9DaisySeed14ConfigureAudioEv
                0x00000000080009ec      0x10c ../../libDaisy//build/libdaisy.a(daisy_seed.o)
                0x00000000080009ec                daisy::DaisySeed::ConfigureAudio()
 .text._ZN5daisy9DaisySeed4InitEb
                0x0000000008000af8      0x108 ../../libDaisy//build/libdaisy.a(daisy_seed.o)
                0x0000000008000af8                daisy::DaisySeed::Init(bool)
 .text._ZN5daisy6Ak45564InitE12dsy_gpio_pin
                0x0000000008000c00       0x44 ../../libDaisy//build/libdaisy.a(codec_ak4556.o)
                0x0000000008000c00                daisy::Ak4556::Init(dsy_gpio_pin)
 .text._ZN5daisy6Wm873120WriteControlRegisterEht
                0x0000000008000c44       0x3c ../../libDaisy//build/libdaisy.a(codec_wm8731.o)
                0x0000000008000c44                daisy::Wm8731::WriteControlRegister(unsigned char, unsigned short)
 .text._ZN5daisy6Wm87314InitERKNS0_6ConfigENS_9I2CHandleE
                0x0000000008000c80      0x1bc ../../libDaisy//build/libdaisy.a(codec_wm8731.o)
                0x0000000008000c80                daisy::Wm8731::Init(daisy::Wm8731::Config const&, daisy::I2CHandle)
 .text._ZN11SdramHandle10DeviceInitEv
                0x0000000008000e3c       0x98 ../../libDaisy//build/libdaisy.a(sdram.o)
                0x0000000008000e3c                SdramHandle::DeviceInit()
 .text._ZN11SdramHandle4InitEv
                0x0000000008000ed4       0x7c ../../libDaisy//build/libdaisy.a(sdram.o)
                0x0000000008000ed4                SdramHandle::Init()
 .text.HAL_SDRAM_MspInit
                0x0000000008000f50      0x1a8 ../../libDaisy//build/libdaisy.a(sdram.o)
                0x0000000008000f50                HAL_SDRAM_MspInit
 .text._ZN5daisy11AudioHandle4Impl16InternalCallbackEPlS2_j
                0x00000000080010f8      0xbbc ../../libDaisy//build/libdaisy.a(audio.o)
                0x00000000080010f8                daisy::AudioHandle::Impl::InternalCallback(long*, long*, unsigned int)
 .text._ZN5daisy11AudioHandle4InitERKNS0_6ConfigENS_9SaiHandleE
                0x0000000008001cb4       0x70 ../../libDaisy//build/libdaisy.a(audio.o)
                0x0000000008001cb4                daisy::AudioHandle::Init(daisy::AudioHandle::Config const&, daisy::SaiHandle)
 .text._ZNK5daisy11AudioHandle9GetConfigEv
                0x0000000008001d24        0x8 ../../libDaisy//build/libdaisy.a(audio.o)
                0x0000000008001d24                daisy::AudioHandle::GetConfig() const
 .text._ZN5daisy11AudioHandle12SetBlockSizeEj
                0x0000000008001d2c       0x1c ../../libDaisy//build/libdaisy.a(audio.o)
                0x0000000008001d2c                daisy::AudioHandle::SetBlockSize(unsigned int)
 .text._ZN5daisy11AudioHandle13GetSampleRateEv
                0x0000000008001d48        0x8 ../../libDaisy//build/libdaisy.a(audio.o)
                0x0000000008001d48                daisy::AudioHandle::GetSampleRate()
 .text._ZN5daisy11AudioHandle13SetSampleRateENS_9SaiHandle6Config10SampleRateE
                0x0000000008001d50       0x88 ../../libDaisy//build/libdaisy.a(audio.o)
                0x0000000008001d50                daisy::AudioHandle::SetSampleRate(daisy::SaiHandle::Config::SampleRate)
 .text._ZN5daisy11AudioHandle5StartEPFvPKPKfPPfjE
                0x0000000008001dd8       0x44 ../../libDaisy//build/libdaisy.a(audio.o)
                0x0000000008001dd8                daisy::AudioHandle::Start(void (*)(float const* const*, float**, unsigned int))
 .text.startup._GLOBAL__sub_I__ZN5daisy11AudioHandle4Impl4InitENS0_6ConfigENS_9SaiHandleE
                0x0000000008001e1c       0x24 ../../libDaisy//build/libdaisy.a(audio.o)
 .text._ZN5daisy6Switch4InitE12dsy_gpio_pinf
                0x0000000008001e40       0x34 ../../libDaisy//build/libdaisy.a(switch.o)
                0x0000000008001e40                daisy::Switch::Init(dsy_gpio_pin, float)
 .text._ZN5daisy6Switch8DebounceEv
                0x0000000008001e74       0x5c ../../libDaisy//build/libdaisy.a(switch.o)
                0x0000000008001e74                daisy::Switch::Debounce()
 .text._ZN5daisy16AdcChannelConfig10InitSingleE12dsy_gpio_pinNS0_15ConversionSpeedE
                0x0000000008001ed0       0x28 ../../libDaisy//build/libdaisy.a(adc.o)
                0x0000000008001ed0                daisy::AdcChannelConfig::InitSingle(dsy_gpio_pin, daisy::AdcChannelConfig::ConversionSpeed)
 .text._ZN5daisy9AdcHandle4InitEPNS_16AdcChannelConfigEjNS0_12OverSamplingE
                0x0000000008001ef8      0x41c ../../libDaisy//build/libdaisy.a(adc.o)
                0x0000000008001ef8                daisy::AdcHandle::Init(daisy::AdcChannelConfig*, unsigned int, daisy::AdcHandle::OverSampling)
 .text._ZN5daisy9AdcHandle5StartEv
                0x0000000008002314       0x2c ../../libDaisy//build/libdaisy.a(adc.o)
                0x0000000008002314                daisy::AdcHandle::Start()
 .text._ZNK5daisy9AdcHandle8GetFloatEh
                0x0000000008002340       0x20 ../../libDaisy//build/libdaisy.a(adc.o)
                0x0000000008002340                daisy::AdcHandle::GetFloat(unsigned char) const
 .text.HAL_ADC_MspInit
                0x0000000008002360       0x98 ../../libDaisy//build/libdaisy.a(adc.o)
                0x0000000008002360                HAL_ADC_MspInit
 .text.DMA1_Stream2_IRQHandler
                0x00000000080023f8        0xc ../../libDaisy//build/libdaisy.a(adc.o)
                0x00000000080023f8                DMA1_Stream2_IRQHandler
 .text.HAL_ADC_ConvCpltCallback
                0x0000000008002404      0x148 ../../libDaisy//build/libdaisy.a(adc.o)
                0x0000000008002404                HAL_ADC_ConvCpltCallback
 .text.HAL_ADC_ErrorCallback
                0x000000000800254c        0x4 ../../libDaisy//build/libdaisy.a(adc.o)
                0x000000000800254c                HAL_ADC_ErrorCallback
 .text._ZN5daisy4GPIO4InitENS_3PinENS0_4ModeENS0_4PullENS0_5SpeedE
                0x0000000008002550      0x1cc ../../libDaisy//build/libdaisy.a(gpio.o)
                0x0000000008002550                daisy::GPIO::Init(daisy::Pin, daisy::GPIO::Mode, daisy::GPIO::Pull, daisy::GPIO::Speed)
 .text._ZN5daisy4GPIO4ReadEv
                0x000000000800271c       0x18 ../../libDaisy//build/libdaisy.a(gpio.o)
                0x000000000800271c                daisy::GPIO::Read()
 .text._ZN5daisy4GPIO5WriteEb
                0x0000000008002734       0x14 ../../libDaisy//build/libdaisy.a(gpio.o)
                0x0000000008002734                daisy::GPIO::Write(bool)
 .text.dsy_gpio_init
                0x0000000008002748      0x1b8 ../../libDaisy//build/libdaisy.a(gpio.o)
                0x0000000008002748                dsy_gpio_init
 .text.dsy_gpio_read
                0x0000000008002900       0x1c ../../libDaisy//build/libdaisy.a(gpio.o)
                0x0000000008002900                dsy_gpio_read
 .text.dsy_gpio_write
                0x000000000800291c       0x24 ../../libDaisy//build/libdaisy.a(gpio.o)
                0x000000000800291c                dsy_gpio_write
 .text._ZN5daisy9I2CHandle4Impl8InitPinsEv
                0x0000000008002940       0x58 ../../libDaisy//build/libdaisy.a(i2c.o)
                0x0000000008002940                daisy::I2CHandle::Impl::InitPins()
 .text.HAL_I2C_MspInit
                0x0000000008002998      0x1b4 ../../libDaisy//build/libdaisy.a(i2c.o)
                0x0000000008002998                HAL_I2C_MspInit
 .text.dsy_i2c_global_init
                0x0000000008002b4c       0x78 ../../libDaisy//build/libdaisy.a(i2c.o)
                0x0000000008002b4c                dsy_i2c_global_init
 .text.DMA1_Stream6_IRQHandler
                0x0000000008002bc4       0x34 ../../libDaisy//build/libdaisy.a(i2c.o)
                0x0000000008002bc4                DMA1_Stream6_IRQHandler
 .text.I2C1_EV_IRQHandler
                0x0000000008002bf8        0xc ../../libDaisy//build/libdaisy.a(i2c.o)
                0x0000000008002bf8                I2C1_EV_IRQHandler
 .text.I2C2_EV_IRQHandler
                0x0000000008002c04        0xc ../../libDaisy//build/libdaisy.a(i2c.o)
                0x0000000008002c04                I2C2_EV_IRQHandler
 .text.I2C3_EV_IRQHandler
                0x0000000008002c10        0xc ../../libDaisy//build/libdaisy.a(i2c.o)
                0x0000000008002c10                I2C3_EV_IRQHandler
 .text._ZN5daisy9I2CHandle4InitERKNS0_6ConfigE
                0x0000000008002c1c      0x12c ../../libDaisy//build/libdaisy.a(i2c.o)
                0x0000000008002c1c                daisy::I2CHandle::Init(daisy::I2CHandle::Config const&)
 .text._ZN5daisy9I2CHandle16TransmitBlockingEtPhtm
                0x0000000008002d48       0x50 ../../libDaisy//build/libdaisy.a(i2c.o)
                0x0000000008002d48                daisy::I2CHandle::TransmitBlocking(unsigned short, unsigned char*, unsigned short, unsigned long)
 .text.startup._GLOBAL__sub_I__ZN5daisy9I2CHandle4Impl10GlobalInitEv
                0x0000000008002d98       0x18 ../../libDaisy//build/libdaisy.a(i2c.o)
 .text._ZN5daisy10QSPIHandle4Impl11WriteEnableEv
                0x0000000008002db0       0x8c ../../libDaisy//build/libdaisy.a(qspi.o)
                0x0000000008002db0                daisy::QSPIHandle::Impl::WriteEnable()
 *fill*         0x0000000008002e3c        0x4 
 .text._ZN5daisy10QSPIHandle4Impl17DummyCyclesConfigENS0_6Config6DeviceE
                0x0000000008002e40      0x118 ../../libDaisy//build/libdaisy.a(qspi.o)
                0x0000000008002e40                daisy::QSPIHandle::Impl::DummyCyclesConfig(daisy::QSPIHandle::Config::Device)
 .text._ZN5daisy10QSPIHandle4Impl10QuadEnableEv
                0x0000000008002f58      0x158 ../../libDaisy//build/libdaisy.a(qspi.o)
                0x0000000008002f58                daisy::QSPIHandle::Impl::QuadEnable()
 .text._ZN5daisy10QSPIHandle4InitERKNS0_6ConfigE
                0x00000000080030b0      0x198 ../../libDaisy//build/libdaisy.a(qspi.o)
                0x00000000080030b0                daisy::QSPIHandle::Init(daisy::QSPIHandle::Config const&)
 .text.HAL_QSPI_MspInit
                0x0000000008003248      0x11c ../../libDaisy//build/libdaisy.a(qspi.o)
                0x0000000008003248                HAL_QSPI_MspInit
 .text.HAL_QSPI_MspDeInit
                0x0000000008003364       0x54 ../../libDaisy//build/libdaisy.a(qspi.o)
                0x0000000008003364                HAL_QSPI_MspDeInit
 .text.QUADSPI_IRQHandler
                0x00000000080033b8        0xc ../../libDaisy//build/libdaisy.a(qspi.o)
                0x00000000080033b8                QUADSPI_IRQHandler
 .text.startup._GLOBAL__sub_I__ZN5daisy10QSPIHandle4Impl4InitERKNS0_6ConfigE
                0x00000000080033c4       0x28 ../../libDaisy//build/libdaisy.a(qspi.o)
 .text._ZN5daisy9SaiHandle4Impl7InitDmaENS1_15PeripheralBlockE
                0x00000000080033ec       0xa0 ../../libDaisy//build/libdaisy.a(sai.o)
                0x00000000080033ec                daisy::SaiHandle::Impl::InitDma(daisy::SaiHandle::Impl::PeripheralBlock)
 .text._ZN5daisy9SaiHandle4Impl8InitPinsEv
                0x000000000800348c       0xa8 ../../libDaisy//build/libdaisy.a(sai.o)
                0x000000000800348c                daisy::SaiHandle::Impl::InitPins()
 .text.HAL_SAI_MspInit
                0x0000000008003534      0x164 ../../libDaisy//build/libdaisy.a(sai.o)
                0x0000000008003534                HAL_SAI_MspInit
 .text.DMA1_Stream0_IRQHandler
                0x0000000008003698        0xc ../../libDaisy//build/libdaisy.a(sai.o)
                0x0000000008003698                DMA1_Stream0_IRQHandler
 .text.DMA1_Stream1_IRQHandler
                0x00000000080036a4        0xc ../../libDaisy//build/libdaisy.a(sai.o)
                0x00000000080036a4                DMA1_Stream1_IRQHandler
 .text.DMA1_Stream3_IRQHandler
                0x00000000080036b0        0xc ../../libDaisy//build/libdaisy.a(sai.o)
                0x00000000080036b0                DMA1_Stream3_IRQHandler
 .text.DMA1_Stream4_IRQHandler
                0x00000000080036bc        0xc ../../libDaisy//build/libdaisy.a(sai.o)
                0x00000000080036bc                DMA1_Stream4_IRQHandler
 .text.HAL_SAI_RxHalfCpltCallback
                0x00000000080036c8       0x78 ../../libDaisy//build/libdaisy.a(sai.o)
                0x00000000080036c8                HAL_SAI_RxHalfCpltCallback
 .text.HAL_SAI_RxCpltCallback
                0x0000000008003740       0x70 ../../libDaisy//build/libdaisy.a(sai.o)
                0x0000000008003740                HAL_SAI_RxCpltCallback
 .text._ZN5daisy9SaiHandle4InitERKNS0_6ConfigE
                0x00000000080037b0      0x1f0 ../../libDaisy//build/libdaisy.a(sai.o)
                0x00000000080037b0                daisy::SaiHandle::Init(daisy::SaiHandle::Config const&)
 .text._ZNK5daisy9SaiHandle9GetConfigEv
                0x00000000080039a0        0x4 ../../libDaisy//build/libdaisy.a(sai.o)
                0x00000000080039a0                daisy::SaiHandle::GetConfig() const
 .text._ZN5daisy9SaiHandle8StartDmaEPlS1_jPFvS1_S1_jE
                0x00000000080039a4       0xbc ../../libDaisy//build/libdaisy.a(sai.o)
                0x00000000080039a4                daisy::SaiHandle::StartDma(long*, long*, unsigned int, void (*)(long*, long*, unsigned int))
 .text._ZN5daisy9SaiHandle13GetSampleRateEv
                0x0000000008003a60       0x24 ../../libDaisy//build/libdaisy.a(sai.o)
                0x0000000008003a60                daisy::SaiHandle::GetSampleRate()
 .text._ZNK5daisy9SaiHandle9GetOffsetEv
                0x0000000008003a84        0x8 ../../libDaisy//build/libdaisy.a(sai.o)
                0x0000000008003a84                daisy::SaiHandle::GetOffset() const
 .text._ZN5daisy11TimerHandleD2Ev
                0x0000000008003a8c        0x4 ../../libDaisy//build/libdaisy.a(system.o)
                0x0000000008003a8c                daisy::TimerHandle::~TimerHandle()
                0x0000000008003a8c                daisy::TimerHandle::~TimerHandle()
 .text.SysTick_Handler
                0x0000000008003a90       0x10 ../../libDaisy//build/libdaisy.a(system.o)
                0x0000000008003a90                SysTick_Handler
 .text.OTG_HS_EP1_OUT_IRQHandler
                0x0000000008003aa0       0x24 ../../libDaisy//build/libdaisy.a(system.o)
                0x0000000008003aa0                OTG_HS_EP1_OUT_IRQHandler
 .text.OTG_HS_EP1_IN_IRQHandler
                0x0000000008003ac4       0x24 ../../libDaisy//build/libdaisy.a(system.o)
                0x0000000008003ac4                OTG_HS_EP1_IN_IRQHandler
 .text.OTG_HS_IRQHandler
                0x0000000008003ae8       0x24 ../../libDaisy//build/libdaisy.a(system.o)
                0x0000000008003ae8                OTG_HS_IRQHandler
 .text.HardFault_Handler
                0x0000000008003b0c       0xe0 ../../libDaisy//build/libdaisy.a(system.o)
                0x0000000008003b0c                HardFault_Handler
 .text._ZN5daisy6System6GetNowEv
                0x0000000008003bec        0x4 ../../libDaisy//build/libdaisy.a(system.o)
                0x0000000008003bec                daisy::System::GetNow()
 .text._ZN5daisy6System5DelayEm
                0x0000000008003bf0        0x4 ../../libDaisy//build/libdaisy.a(system.o)
                0x0000000008003bf0                daisy::System::Delay(unsigned long)
 .text._ZN5daisy6System20GetBootloaderVersionEv
                0x0000000008003bf4       0x34 ../../libDaisy//build/libdaisy.a(system.o)
                0x0000000008003bf4                daisy::System::GetBootloaderVersion()
 .text._ZN5daisy6System15ConfigureClocksEv
                0x0000000008003c28      0x194 ../../libDaisy//build/libdaisy.a(system.o)
                0x0000000008003c28                daisy::System::ConfigureClocks()
 .text._ZN5daisy6System12ConfigureMpuEv
                0x0000000008003dbc       0x7c ../../libDaisy//build/libdaisy.a(system.o)
                0x0000000008003dbc                daisy::System::ConfigureMpu()
 .text._ZN5daisy6System4InitERKNS0_6ConfigE
                0x0000000008003e38       0xec ../../libDaisy//build/libdaisy.a(system.o)
                0x0000000008003e38                daisy::System::Init(daisy::System::Config const&)
 .text._ZN5daisy6System12GetPClk1FreqEv
                0x0000000008003f24        0x4 ../../libDaisy//build/libdaisy.a(system.o)
                0x0000000008003f24                daisy::System::GetPClk1Freq()
 .text._ZN5daisy6System22GetProgramMemoryRegionEv
                0x0000000008003f28       0x78 ../../libDaisy//build/libdaisy.a(system.o)
                0x0000000008003f28                daisy::System::GetProgramMemoryRegion()
 .text.startup._GLOBAL__sub_I__ZN5daisy9boot_infoE
                0x0000000008003fa0       0x1c ../../libDaisy//build/libdaisy.a(system.o)
 .text.SystemInit
                0x0000000008003fbc       0x9c ../../libDaisy//build/libdaisy.a(system_stm32h7xx.o)
                0x0000000008003fbc                SystemInit
 .text.HAL_PCD_SetupStageCallback
                0x0000000008004058        0xc ../../libDaisy//build/libdaisy.a(usbd_conf.o)
                0x0000000008004058                HAL_PCD_SetupStageCallback
 .text.HAL_PCD_DataOutStageCallback
                0x0000000008004064       0x14 ../../libDaisy//build/libdaisy.a(usbd_conf.o)
                0x0000000008004064                HAL_PCD_DataOutStageCallback
 .text.HAL_PCD_DataInStageCallback
                0x0000000008004078       0x14 ../../libDaisy//build/libdaisy.a(usbd_conf.o)
                0x0000000008004078                HAL_PCD_DataInStageCallback
 .text.HAL_PCD_SOFCallback
                0x000000000800408c        0x8 ../../libDaisy//build/libdaisy.a(usbd_conf.o)
                0x000000000800408c                HAL_PCD_SOFCallback
 .text.HAL_PCD_ResetCallback
                0x0000000008004094       0x24 ../../libDaisy//build/libdaisy.a(usbd_conf.o)
                0x0000000008004094                HAL_PCD_ResetCallback
 .text.HAL_PCD_SuspendCallback
                0x00000000080040b8       0x30 ../../libDaisy//build/libdaisy.a(usbd_conf.o)
                0x00000000080040b8                HAL_PCD_SuspendCallback
 .text.HAL_PCD_ResumeCallback
                0x00000000080040e8        0x8 ../../libDaisy//build/libdaisy.a(usbd_conf.o)
                0x00000000080040e8                HAL_PCD_ResumeCallback
 .text.HAL_PCD_ISOOUTIncompleteCallback
                0x00000000080040f0        0x8 ../../libDaisy//build/libdaisy.a(usbd_conf.o)
                0x00000000080040f0                HAL_PCD_ISOOUTIncompleteCallback
 .text.HAL_PCD_ISOINIncompleteCallback
                0x00000000080040f8        0x8 ../../libDaisy//build/libdaisy.a(usbd_conf.o)
                0x00000000080040f8                HAL_PCD_ISOINIncompleteCallback
 .text.HAL_PCD_ConnectCallback
                0x0000000008004100        0x8 ../../libDaisy//build/libdaisy.a(usbd_conf.o)
                0x0000000008004100                HAL_PCD_ConnectCallback
 .text.HAL_PCD_DisconnectCallback
                0x0000000008004108        0x8 ../../libDaisy//build/libdaisy.a(usbd_conf.o)
                0x0000000008004108                HAL_PCD_DisconnectCallback
 .text.USBD_LL_OpenEP
                0x0000000008004110       0x24 ../../libDaisy//build/libdaisy.a(usbd_conf.o)
                0x0000000008004110                USBD_LL_OpenEP
 .text.USBD_LL_StallEP
                0x0000000008004134       0x1c ../../libDaisy//build/libdaisy.a(usbd_conf.o)
                0x0000000008004134                USBD_LL_StallEP
 .text.USBD_LL_ClearStallEP
                0x0000000008004150       0x1c ../../libDaisy//build/libdaisy.a(usbd_conf.o)
                0x0000000008004150                USBD_LL_ClearStallEP
 .text.USBD_LL_IsStallEP
                0x000000000800416c       0x28 ../../libDaisy//build/libdaisy.a(usbd_conf.o)
                0x000000000800416c                USBD_LL_IsStallEP
 .text.USBD_LL_SetUSBAddress
                0x0000000008004194       0x1c ../../libDaisy//build/libdaisy.a(usbd_conf.o)
                0x0000000008004194                USBD_LL_SetUSBAddress
 .text.USBD_LL_Transmit
                0x00000000080041b0       0x1c ../../libDaisy//build/libdaisy.a(usbd_conf.o)
                0x00000000080041b0                USBD_LL_Transmit
 .text.USBD_LL_PrepareReceive
                0x00000000080041cc       0x1c ../../libDaisy//build/libdaisy.a(usbd_conf.o)
                0x00000000080041cc                USBD_LL_PrepareReceive
 .text.HAL_HCD_SOF_Callback
                0x00000000080041e8        0x8 ../../libDaisy//build/libdaisy.a(usbh_conf.o)
                0x00000000080041e8                HAL_HCD_SOF_Callback
 .text.HAL_HCD_Connect_Callback
                0x00000000080041f0        0x8 ../../libDaisy//build/libdaisy.a(usbh_conf.o)
                0x00000000080041f0                HAL_HCD_Connect_Callback
 .text.HAL_HCD_Disconnect_Callback
                0x00000000080041f8        0x8 ../../libDaisy//build/libdaisy.a(usbh_conf.o)
                0x00000000080041f8                HAL_HCD_Disconnect_Callback
 .text.HAL_HCD_HC_NotifyURBChange_Callback
                0x0000000008004200        0x4 ../../libDaisy//build/libdaisy.a(usbh_conf.o)
                0x0000000008004200                HAL_HCD_HC_NotifyURBChange_Callback
 .text.HAL_HCD_PortEnabled_Callback
                0x0000000008004204        0x8 ../../libDaisy//build/libdaisy.a(usbh_conf.o)
                0x0000000008004204                HAL_HCD_PortEnabled_Callback
 .text.HAL_HCD_PortDisabled_Callback
                0x000000000800420c        0x8 ../../libDaisy//build/libdaisy.a(usbh_conf.o)
                0x000000000800420c                HAL_HCD_PortDisabled_Callback
 .text.USBH_LL_Stop
                0x0000000008004214       0x1c ../../libDaisy//build/libdaisy.a(usbh_conf.o)
                0x0000000008004214                USBH_LL_Stop
 .text.dsy_hal_map_get_port
                0x0000000008004230       0x10 ../../libDaisy//build/libdaisy.a(hal_map.o)
                0x0000000008004230                dsy_hal_map_get_port
 .text.dsy_hal_map_get_pin
                0x0000000008004240       0x10 ../../libDaisy//build/libdaisy.a(hal_map.o)
                0x0000000008004240                dsy_hal_map_get_pin
 .text.dsy_hal_map_gpio_clk_enable
                0x0000000008004250      0x150 ../../libDaisy//build/libdaisy.a(hal_map.o)
                0x0000000008004250                dsy_hal_map_gpio_clk_enable
 .text.HAL_MspInit
                0x00000000080043a0        0x4 ../../libDaisy//build/libdaisy.a(stm32h7xx_hal.o)
                0x00000000080043a0                HAL_MspInit
 .text.HAL_InitTick
                0x00000000080043a4       0x4c ../../libDaisy//build/libdaisy.a(stm32h7xx_hal.o)
                0x00000000080043a4                HAL_InitTick
 .text.HAL_Init
                0x00000000080043f0       0x60 ../../libDaisy//build/libdaisy.a(stm32h7xx_hal.o)
                0x00000000080043f0                HAL_Init
 .text.HAL_IncTick
                0x0000000008004450       0x18 ../../libDaisy//build/libdaisy.a(stm32h7xx_hal.o)
                0x0000000008004450                HAL_IncTick
 .text.HAL_GetTick
                0x0000000008004468        0xc ../../libDaisy//build/libdaisy.a(stm32h7xx_hal.o)
                0x0000000008004468                HAL_GetTick
 .text.HAL_Delay
                0x0000000008004474       0x24 ../../libDaisy//build/libdaisy.a(stm32h7xx_hal.o)
                0x0000000008004474                HAL_Delay
 .text.HAL_GetREVID
                0x0000000008004498        0xc ../../libDaisy//build/libdaisy.a(stm32h7xx_hal.o)
                0x0000000008004498                HAL_GetREVID
 .text.HAL_ADC_ConvHalfCpltCallback
                0x00000000080044a4        0x4 ../../libDaisy//build/libdaisy.a(stm32h7xx_hal_adc.o)
                0x00000000080044a4                HAL_ADC_ConvHalfCpltCallback
 .text.ADC_DMAHalfConvCplt
                0x00000000080044a8        0xc ../../libDaisy//build/libdaisy.a(stm32h7xx_hal_adc.o)
                0x00000000080044a8                ADC_DMAHalfConvCplt
 .text.ADC_DMAConvCplt
                0x00000000080044b4       0x6c ../../libDaisy//build/libdaisy.a(stm32h7xx_hal_adc.o)
                0x00000000080044b4                ADC_DMAConvCplt
 .text.ADC_DMAError
                0x0000000008004520       0x1c ../../libDaisy//build/libdaisy.a(stm32h7xx_hal_adc.o)
                0x0000000008004520                ADC_DMAError
 .text.HAL_ADC_ConfigChannel
                0x000000000800453c      0x3fc ../../libDaisy//build/libdaisy.a(stm32h7xx_hal_adc.o)
                0x000000000800453c                HAL_ADC_ConfigChannel
 .text.ADC_Enable
                0x0000000008004938       0xac ../../libDaisy//build/libdaisy.a(stm32h7xx_hal_adc.o)
                0x0000000008004938                ADC_Enable
 .text.HAL_ADC_Start_DMA
                0x00000000080049e4      0x114 ../../libDaisy//build/libdaisy.a(stm32h7xx_hal_adc.o)
                0x00000000080049e4                HAL_ADC_Start_DMA
 .text.ADC_Disable
                0x0000000008004af8       0x68 ../../libDaisy//build/libdaisy.a(stm32h7xx_hal_adc.o)
                0x0000000008004af8                ADC_Disable
 .text.ADC_ConfigureBoostMode
                0x0000000008004b60      0x184 ../../libDaisy//build/libdaisy.a(stm32h7xx_hal_adc.o)
                0x0000000008004b60                ADC_ConfigureBoostMode
 .text.HAL_ADC_Init
                0x0000000008004ce4      0x218 ../../libDaisy//build/libdaisy.a(stm32h7xx_hal_adc.o)
                0x0000000008004ce4                HAL_ADC_Init
 .text.HAL_ADCEx_Calibration_Start
                0x0000000008004efc       0xa4 ../../libDaisy//build/libdaisy.a(stm32h7xx_hal_adc_ex.o)
                0x0000000008004efc                HAL_ADCEx_Calibration_Start
 .text.HAL_ADCEx_MultiModeConfigChannel
                0x0000000008004fa0       0xc4 ../../libDaisy//build/libdaisy.a(stm32h7xx_hal_adc_ex.o)
                0x0000000008004fa0                HAL_ADCEx_MultiModeConfigChannel
 .text.HAL_NVIC_SetPriorityGrouping
                0x0000000008005064       0x24 ../../libDaisy//build/libdaisy.a(stm32h7xx_hal_cortex.o)
                0x0000000008005064                HAL_NVIC_SetPriorityGrouping
 .text.HAL_NVIC_SetPriority
                0x0000000008005088       0x7c ../../libDaisy//build/libdaisy.a(stm32h7xx_hal_cortex.o)
                0x0000000008005088                HAL_NVIC_SetPriority
 .text.HAL_NVIC_EnableIRQ
                0x0000000008005104       0x1c ../../libDaisy//build/libdaisy.a(stm32h7xx_hal_cortex.o)
                0x0000000008005104                HAL_NVIC_EnableIRQ
 .text.HAL_NVIC_DisableIRQ
                0x0000000008005120       0x28 ../../libDaisy//build/libdaisy.a(stm32h7xx_hal_cortex.o)
                0x0000000008005120                HAL_NVIC_DisableIRQ
 .text.HAL_SYSTICK_Config
                0x0000000008005148       0x2c ../../libDaisy//build/libdaisy.a(stm32h7xx_hal_cortex.o)
                0x0000000008005148                HAL_SYSTICK_Config
 .text.HAL_MPU_Disable
                0x0000000008005174       0x1c ../../libDaisy//build/libdaisy.a(stm32h7xx_hal_cortex.o)
                0x0000000008005174                HAL_MPU_Disable
 .text.HAL_MPU_Enable
                0x0000000008005190       0x20 ../../libDaisy//build/libdaisy.a(stm32h7xx_hal_cortex.o)
                0x0000000008005190                HAL_MPU_Enable
 .text.HAL_MPU_ConfigRegion
                0x00000000080051b0       0x64 ../../libDaisy//build/libdaisy.a(stm32h7xx_hal_cortex.o)
                0x00000000080051b0                HAL_MPU_ConfigRegion
 .text.HAL_SYSTICK_Callback
                0x0000000008005214        0x4 ../../libDaisy//build/libdaisy.a(stm32h7xx_hal_cortex.o)
                0x0000000008005214                HAL_SYSTICK_Callback
 .text.HAL_SYSTICK_IRQHandler
                0x0000000008005218        0x8 ../../libDaisy//build/libdaisy.a(stm32h7xx_hal_cortex.o)
                0x0000000008005218                HAL_SYSTICK_IRQHandler
 .text.DMA_CalcBaseAndBitshift
                0x0000000008005220       0xf4 ../../libDaisy//build/libdaisy.a(stm32h7xx_hal_dma.o)
 .text.DMA_CalcDMAMUXChannelBaseAndMask
                0x0000000008005314       0xd8 ../../libDaisy//build/libdaisy.a(stm32h7xx_hal_dma.o)
 .text.HAL_DMA_Init
                0x00000000080053ec      0x37c ../../libDaisy//build/libdaisy.a(stm32h7xx_hal_dma.o)
                0x00000000080053ec                HAL_DMA_Init
 .text.HAL_DMA_Start_IT
                0x0000000008005768      0x240 ../../libDaisy//build/libdaisy.a(stm32h7xx_hal_dma.o)
                0x0000000008005768                HAL_DMA_Start_IT
 .text.HAL_DMA_Abort_IT
                0x00000000080059a8      0x134 ../../libDaisy//build/libdaisy.a(stm32h7xx_hal_dma.o)
                0x00000000080059a8                HAL_DMA_Abort_IT
 .text.HAL_DMA_IRQHandler
                0x0000000008005adc      0x6a0 ../../libDaisy//build/libdaisy.a(stm32h7xx_hal_dma.o)
                0x0000000008005adc                HAL_DMA_IRQHandler
 .text.HAL_DMA_GetError
                0x000000000800617c        0x4 ../../libDaisy//build/libdaisy.a(stm32h7xx_hal_dma.o)
                0x000000000800617c                HAL_DMA_GetError
 .text.HAL_GPIO_Init
                0x0000000008006180      0x280 ../../libDaisy//build/libdaisy.a(stm32h7xx_hal_gpio.o)
                0x0000000008006180                HAL_GPIO_Init
 .text.HAL_GPIO_DeInit
                0x0000000008006400      0x190 ../../libDaisy//build/libdaisy.a(stm32h7xx_hal_gpio.o)
                0x0000000008006400                HAL_GPIO_DeInit
 .text.HAL_GPIO_ReadPin
                0x0000000008006590        0xc ../../libDaisy//build/libdaisy.a(stm32h7xx_hal_gpio.o)
                0x0000000008006590                HAL_GPIO_ReadPin
 .text.HAL_GPIO_WritePin
                0x000000000800659c        0x8 ../../libDaisy//build/libdaisy.a(stm32h7xx_hal_gpio.o)
                0x000000000800659c                HAL_GPIO_WritePin
 .text.HAL_HCD_IRQHandler
                0x00000000080065a4      0x780 ../../libDaisy//build/libdaisy.a(stm32h7xx_hal_hcd.o)
                0x00000000080065a4                HAL_HCD_IRQHandler
 .text.HAL_HCD_Stop
                0x0000000008006d24       0x28 ../../libDaisy//build/libdaisy.a(stm32h7xx_hal_hcd.o)
                0x0000000008006d24                HAL_HCD_Stop
 .text.I2C_WaitOnTXISFlagUntilTimeout
                0x0000000008006d4c       0xb8 ../../libDaisy//build/libdaisy.a(stm32h7xx_hal_i2c.o)
 .text.I2C_WaitOnSTOPFlagUntilTimeout
                0x0000000008006e04       0xac ../../libDaisy//build/libdaisy.a(stm32h7xx_hal_i2c.o)
 .text.HAL_I2C_Init
                0x0000000008006eb0       0xac ../../libDaisy//build/libdaisy.a(stm32h7xx_hal_i2c.o)
                0x0000000008006eb0                HAL_I2C_Init
 .text.HAL_I2C_Master_Transmit
                0x0000000008006f5c      0x1a8 ../../libDaisy//build/libdaisy.a(stm32h7xx_hal_i2c.o)
                0x0000000008006f5c                HAL_I2C_Master_Transmit
 .text.HAL_I2C_Slave_Transmit
                0x0000000008007104      0x1c8 ../../libDaisy//build/libdaisy.a(stm32h7xx_hal_i2c.o)
                0x0000000008007104                HAL_I2C_Slave_Transmit
 .text.HAL_I2C_EV_IRQHandler
                0x00000000080072cc       0x10 ../../libDaisy//build/libdaisy.a(stm32h7xx_hal_i2c.o)
                0x00000000080072cc                HAL_I2C_EV_IRQHandler
 .text.HAL_I2C_GetState
                0x00000000080072dc        0x8 ../../libDaisy//build/libdaisy.a(stm32h7xx_hal_i2c.o)
                0x00000000080072dc                HAL_I2C_GetState
 .text.HAL_I2CEx_ConfigAnalogFilter
                0x00000000080072e4       0x54 ../../libDaisy//build/libdaisy.a(stm32h7xx_hal_i2c_ex.o)
                0x00000000080072e4                HAL_I2CEx_ConfigAnalogFilter
 .text.HAL_I2CEx_ConfigDigitalFilter
                0x0000000008007338       0x58 ../../libDaisy//build/libdaisy.a(stm32h7xx_hal_i2c_ex.o)
                0x0000000008007338                HAL_I2CEx_ConfigDigitalFilter
 .text.HAL_PCD_IRQHandler
                0x0000000008007390      0x69c ../../libDaisy//build/libdaisy.a(stm32h7xx_hal_pcd.o)
                0x0000000008007390                HAL_PCD_IRQHandler
 .text.HAL_PCD_SetAddress
                0x0000000008007a2c       0x2c ../../libDaisy//build/libdaisy.a(stm32h7xx_hal_pcd.o)
                0x0000000008007a2c                HAL_PCD_SetAddress
 .text.HAL_PCD_EP_Open
                0x0000000008007a58       0x7c ../../libDaisy//build/libdaisy.a(stm32h7xx_hal_pcd.o)
                0x0000000008007a58                HAL_PCD_EP_Open
 .text.HAL_PCD_EP_Receive
                0x0000000008007ad4       0x50 ../../libDaisy//build/libdaisy.a(stm32h7xx_hal_pcd.o)
                0x0000000008007ad4                HAL_PCD_EP_Receive
 .text.HAL_PCD_EP_Transmit
                0x0000000008007b24       0x50 ../../libDaisy//build/libdaisy.a(stm32h7xx_hal_pcd.o)
                0x0000000008007b24                HAL_PCD_EP_Transmit
 .text.HAL_PCD_EP_SetStall
                0x0000000008007b74       0x88 ../../libDaisy//build/libdaisy.a(stm32h7xx_hal_pcd.o)
                0x0000000008007b74                HAL_PCD_EP_SetStall
 .text.HAL_PCD_EP_ClrStall
                0x0000000008007bfc       0x78 ../../libDaisy//build/libdaisy.a(stm32h7xx_hal_pcd.o)
                0x0000000008007bfc                HAL_PCD_EP_ClrStall
 .text.HAL_PCDEx_LPM_Callback
                0x0000000008007c74        0x4 ../../libDaisy//build/libdaisy.a(stm32h7xx_hal_pcd_ex.o)
                0x0000000008007c74                HAL_PCDEx_LPM_Callback
 .text.HAL_PWREx_ConfigSupply
                0x0000000008007c78       0x4c ../../libDaisy//build/libdaisy.a(stm32h7xx_hal_pwr_ex.o)
                0x0000000008007c78                HAL_PWREx_ConfigSupply
 .text.HAL_PWREx_EnableUSBVoltageDetector
                0x0000000008007cc4       0x10 ../../libDaisy//build/libdaisy.a(stm32h7xx_hal_pwr_ex.o)
                0x0000000008007cc4                HAL_PWREx_EnableUSBVoltageDetector
 .text.QSPI_Config
                0x0000000008007cd4      0x174 ../../libDaisy//build/libdaisy.a(stm32h7xx_hal_qspi.o)
 .text.HAL_QSPI_Init
                0x0000000008007e48       0xd8 ../../libDaisy//build/libdaisy.a(stm32h7xx_hal_qspi.o)
                0x0000000008007e48                HAL_QSPI_Init
 .text.HAL_QSPI_DeInit
                0x0000000008007f20       0x3c ../../libDaisy//build/libdaisy.a(stm32h7xx_hal_qspi.o)
                0x0000000008007f20                HAL_QSPI_DeInit
 .text.HAL_QSPI_Command
                0x0000000008007f5c       0xd4 ../../libDaisy//build/libdaisy.a(stm32h7xx_hal_qspi.o)
                0x0000000008007f5c                HAL_QSPI_Command
 .text.HAL_QSPI_Transmit
                0x0000000008008030       0xfc ../../libDaisy//build/libdaisy.a(stm32h7xx_hal_qspi.o)
                0x0000000008008030                HAL_QSPI_Transmit
 .text.HAL_QSPI_Receive
                0x000000000800812c      0x108 ../../libDaisy//build/libdaisy.a(stm32h7xx_hal_qspi.o)
                0x000000000800812c                HAL_QSPI_Receive
 .text.HAL_QSPI_AutoPolling
                0x0000000008008234       0xf0 ../../libDaisy//build/libdaisy.a(stm32h7xx_hal_qspi.o)
                0x0000000008008234                HAL_QSPI_AutoPolling
 .text.HAL_QSPI_MemoryMapped
                0x0000000008008324       0xc0 ../../libDaisy//build/libdaisy.a(stm32h7xx_hal_qspi.o)
                0x0000000008008324                HAL_QSPI_MemoryMapped
 .text.HAL_QSPI_ErrorCallback
                0x00000000080083e4        0x4 ../../libDaisy//build/libdaisy.a(stm32h7xx_hal_qspi.o)
                0x00000000080083e4                HAL_QSPI_ErrorCallback
 .text.QSPI_DMAAbortCplt
                0x00000000080083e8       0x38 ../../libDaisy//build/libdaisy.a(stm32h7xx_hal_qspi.o)
 .text.HAL_QSPI_AbortCpltCallback
                0x0000000008008420        0x4 ../../libDaisy//build/libdaisy.a(stm32h7xx_hal_qspi.o)
                0x0000000008008420                HAL_QSPI_AbortCpltCallback
 .text.HAL_QSPI_CmdCpltCallback
                0x0000000008008424        0x4 ../../libDaisy//build/libdaisy.a(stm32h7xx_hal_qspi.o)
                0x0000000008008424                HAL_QSPI_CmdCpltCallback
 .text.HAL_QSPI_RxCpltCallback
                0x0000000008008428        0x4 ../../libDaisy//build/libdaisy.a(stm32h7xx_hal_qspi.o)
                0x0000000008008428                HAL_QSPI_RxCpltCallback
 .text.HAL_QSPI_TxCpltCallback
                0x000000000800842c        0x4 ../../libDaisy//build/libdaisy.a(stm32h7xx_hal_qspi.o)
                0x000000000800842c                HAL_QSPI_TxCpltCallback
 .text.HAL_QSPI_FifoThresholdCallback
                0x0000000008008430        0x4 ../../libDaisy//build/libdaisy.a(stm32h7xx_hal_qspi.o)
                0x0000000008008430                HAL_QSPI_FifoThresholdCallback
 .text.HAL_QSPI_StatusMatchCallback
                0x0000000008008434        0x4 ../../libDaisy//build/libdaisy.a(stm32h7xx_hal_qspi.o)
                0x0000000008008434                HAL_QSPI_StatusMatchCallback
 .text.HAL_QSPI_TimeOutCallback
                0x0000000008008438        0x4 ../../libDaisy//build/libdaisy.a(stm32h7xx_hal_qspi.o)
                0x0000000008008438                HAL_QSPI_TimeOutCallback
 .text.HAL_QSPI_IRQHandler
                0x000000000800843c      0x210 ../../libDaisy//build/libdaisy.a(stm32h7xx_hal_qspi.o)
                0x000000000800843c                HAL_QSPI_IRQHandler
 .text.HAL_RCC_OscConfig
                0x000000000800864c      0x51c ../../libDaisy//build/libdaisy.a(stm32h7xx_hal_rcc.o)
                0x000000000800864c                HAL_RCC_OscConfig
 .text.HAL_RCC_GetSysClockFreq
                0x0000000008008b68      0x140 ../../libDaisy//build/libdaisy.a(stm32h7xx_hal_rcc.o)
                0x0000000008008b68                HAL_RCC_GetSysClockFreq
 .text.HAL_RCC_ClockConfig
                0x0000000008008ca8      0x234 ../../libDaisy//build/libdaisy.a(stm32h7xx_hal_rcc.o)
                0x0000000008008ca8                HAL_RCC_ClockConfig
 .text.HAL_RCC_GetHCLKFreq
                0x0000000008008edc       0x2c ../../libDaisy//build/libdaisy.a(stm32h7xx_hal_rcc.o)
                0x0000000008008edc                HAL_RCC_GetHCLKFreq
 .text.HAL_RCC_GetPCLK1Freq
                0x0000000008008f08       0x38 ../../libDaisy//build/libdaisy.a(stm32h7xx_hal_rcc.o)
                0x0000000008008f08                HAL_RCC_GetPCLK1Freq
 .text.HAL_RCC_GetPCLK2Freq
                0x0000000008008f40       0x38 ../../libDaisy//build/libdaisy.a(stm32h7xx_hal_rcc.o)
                0x0000000008008f40                HAL_RCC_GetPCLK2Freq
 .text.RCCEx_PLL2_Config
                0x0000000008008f78       0xf4 ../../libDaisy//build/libdaisy.a(stm32h7xx_hal_rcc_ex.o)
 .text.RCCEx_PLL3_Config
                0x000000000800906c       0xf4 ../../libDaisy//build/libdaisy.a(stm32h7xx_hal_rcc_ex.o)
 .text.HAL_RCCEx_PeriphCLKConfig
                0x0000000008009160      0xa7c ../../libDaisy//build/libdaisy.a(stm32h7xx_hal_rcc_ex.o)
                0x0000000008009160                HAL_RCCEx_PeriphCLKConfig
 .text.HAL_RCCEx_GetD3PCLK1Freq
                0x0000000008009bdc       0x24 ../../libDaisy//build/libdaisy.a(stm32h7xx_hal_rcc_ex.o)
                0x0000000008009bdc                HAL_RCCEx_GetD3PCLK1Freq
 .text.HAL_RCCEx_GetPLL2ClockFreq
                0x0000000008009c00      0x17c ../../libDaisy//build/libdaisy.a(stm32h7xx_hal_rcc_ex.o)
                0x0000000008009c00                HAL_RCCEx_GetPLL2ClockFreq
 .text.HAL_RCCEx_GetPLL3ClockFreq
                0x0000000008009d7c      0x17c ../../libDaisy//build/libdaisy.a(stm32h7xx_hal_rcc_ex.o)
                0x0000000008009d7c                HAL_RCCEx_GetPLL3ClockFreq
 .text.HAL_RCCEx_GetPLL1ClockFreq
                0x0000000008009ef8      0x17c ../../libDaisy//build/libdaisy.a(stm32h7xx_hal_rcc_ex.o)
                0x0000000008009ef8                HAL_RCCEx_GetPLL1ClockFreq
 .text.HAL_RCCEx_GetPeriphCLKFreq
                0x000000000800a074      0x198 ../../libDaisy//build/libdaisy.a(stm32h7xx_hal_rcc_ex.o)
                0x000000000800a074                HAL_RCCEx_GetPeriphCLKFreq
 .text.HAL_RCCEx_GetD1SysClockFreq
                0x000000000800a20c       0x2c ../../libDaisy//build/libdaisy.a(stm32h7xx_hal_rcc_ex.o)
                0x000000000800a20c                HAL_RCCEx_GetD1SysClockFreq
 .text.HAL_SAI_Init.part.0
                0x000000000800a238      0x348 ../../libDaisy//build/libdaisy.a(stm32h7xx_hal_sai.o)
 .text.HAL_SAI_InitProtocol
                0x000000000800a580      0x178 ../../libDaisy//build/libdaisy.a(stm32h7xx_hal_sai.o)
                0x000000000800a580                HAL_SAI_InitProtocol
 .text.HAL_SAI_Transmit_DMA
                0x000000000800a6f8      0x124 ../../libDaisy//build/libdaisy.a(stm32h7xx_hal_sai.o)
                0x000000000800a6f8                HAL_SAI_Transmit_DMA
 .text.HAL_SAI_Receive_DMA
                0x000000000800a81c       0xd0 ../../libDaisy//build/libdaisy.a(stm32h7xx_hal_sai.o)
                0x000000000800a81c                HAL_SAI_Receive_DMA
 .text.HAL_SAI_TxCpltCallback
                0x000000000800a8ec        0x4 ../../libDaisy//build/libdaisy.a(stm32h7xx_hal_sai.o)
                0x000000000800a8ec                HAL_SAI_TxCpltCallback
 .text.SAI_DMATxCplt
                0x000000000800a8f0       0x64 ../../libDaisy//build/libdaisy.a(stm32h7xx_hal_sai.o)
 .text.HAL_SAI_TxHalfCpltCallback
                0x000000000800a954        0x4 ../../libDaisy//build/libdaisy.a(stm32h7xx_hal_sai.o)
                0x000000000800a954                HAL_SAI_TxHalfCpltCallback
 .text.SAI_DMATxHalfCplt
                0x000000000800a958        0xc ../../libDaisy//build/libdaisy.a(stm32h7xx_hal_sai.o)
 .text.SAI_DMARxCplt
                0x000000000800a964       0x64 ../../libDaisy//build/libdaisy.a(stm32h7xx_hal_sai.o)
 .text.SAI_DMARxHalfCplt
                0x000000000800a9c8        0xc ../../libDaisy//build/libdaisy.a(stm32h7xx_hal_sai.o)
 .text.HAL_SAI_ErrorCallback
                0x000000000800a9d4        0x4 ../../libDaisy//build/libdaisy.a(stm32h7xx_hal_sai.o)
                0x000000000800a9d4                HAL_SAI_ErrorCallback
 .text.SAI_DMAError
                0x000000000800a9d8       0x6c ../../libDaisy//build/libdaisy.a(stm32h7xx_hal_sai.o)
 .text.HAL_SDRAM_Init
                0x000000000800aa44       0x54 ../../libDaisy//build/libdaisy.a(stm32h7xx_hal_sdram.o)
                0x000000000800aa44                HAL_SDRAM_Init
 .text.HAL_SDRAM_SendCommand
                0x000000000800aa98       0x40 ../../libDaisy//build/libdaisy.a(stm32h7xx_hal_sdram.o)
                0x000000000800aa98                HAL_SDRAM_SendCommand
 .text.HAL_SDRAM_ProgramRefreshRate
                0x000000000800aad8       0x30 ../../libDaisy//build/libdaisy.a(stm32h7xx_hal_sdram.o)
                0x000000000800aad8                HAL_SDRAM_ProgramRefreshRate
 .text.FMC_SDRAM_Init
                0x000000000800ab08       0x7c ../../libDaisy//build/libdaisy.a(stm32h7xx_ll_fmc.o)
                0x000000000800ab08                FMC_SDRAM_Init
 .text.FMC_SDRAM_Timing_Init
                0x000000000800ab84       0x98 ../../libDaisy//build/libdaisy.a(stm32h7xx_ll_fmc.o)
                0x000000000800ab84                FMC_SDRAM_Timing_Init
 .text.FMC_SDRAM_SendCommand
                0x000000000800ac1c       0x28 ../../libDaisy//build/libdaisy.a(stm32h7xx_ll_fmc.o)
                0x000000000800ac1c                FMC_SDRAM_SendCommand
 .text.FMC_SDRAM_ProgramRefreshRate
                0x000000000800ac44       0x1c ../../libDaisy//build/libdaisy.a(stm32h7xx_ll_fmc.o)
                0x000000000800ac44                FMC_SDRAM_ProgramRefreshRate
 .text.USB_SetTurnaroundTime
                0x000000000800ac60      0x104 ../../libDaisy//build/libdaisy.a(stm32h7xx_ll_usb.o)
                0x000000000800ac60                USB_SetTurnaroundTime
 .text.USB_FlushTxFifo
                0x000000000800ad64       0x34 ../../libDaisy//build/libdaisy.a(stm32h7xx_ll_usb.o)
                0x000000000800ad64                USB_FlushTxFifo
 .text.USB_GetDevSpeed
                0x000000000800ad98       0x24 ../../libDaisy//build/libdaisy.a(stm32h7xx_ll_usb.o)
                0x000000000800ad98                USB_GetDevSpeed
 .text.USB_ActivateEndpoint
                0x000000000800adbc       0x90 ../../libDaisy//build/libdaisy.a(stm32h7xx_ll_usb.o)
                0x000000000800adbc                USB_ActivateEndpoint
 .text.USB_EPStartXfer
                0x000000000800ae4c      0x230 ../../libDaisy//build/libdaisy.a(stm32h7xx_ll_usb.o)
                0x000000000800ae4c                USB_EPStartXfer
 .text.USB_EP0StartXfer
                0x000000000800b07c      0x174 ../../libDaisy//build/libdaisy.a(stm32h7xx_ll_usb.o)
                0x000000000800b07c                USB_EP0StartXfer
 .text.USB_WritePacket
                0x000000000800b1f0       0x2c ../../libDaisy//build/libdaisy.a(stm32h7xx_ll_usb.o)
                0x000000000800b1f0                USB_WritePacket
 .text.USB_ReadPacket
                0x000000000800b21c       0x20 ../../libDaisy//build/libdaisy.a(stm32h7xx_ll_usb.o)
                0x000000000800b21c                USB_ReadPacket
 .text.USB_EPSetStall
                0x000000000800b23c       0x68 ../../libDaisy//build/libdaisy.a(stm32h7xx_ll_usb.o)
                0x000000000800b23c                USB_EPSetStall
 .text.USB_EPClearStall
                0x000000000800b2a4       0x58 ../../libDaisy//build/libdaisy.a(stm32h7xx_ll_usb.o)
                0x000000000800b2a4                USB_EPClearStall
 .text.USB_SetDevAddress
                0x000000000800b2fc       0x24 ../../libDaisy//build/libdaisy.a(stm32h7xx_ll_usb.o)
                0x000000000800b2fc                USB_SetDevAddress
 .text.USB_ReadInterrupts
                0x000000000800b320       0x14 ../../libDaisy//build/libdaisy.a(stm32h7xx_ll_usb.o)
                0x000000000800b320                USB_ReadInterrupts
 .text.USB_ReadDevAllOutEpInterrupt
                0x000000000800b334       0x1c ../../libDaisy//build/libdaisy.a(stm32h7xx_ll_usb.o)
                0x000000000800b334                USB_ReadDevAllOutEpInterrupt
 .text.USB_ReadDevAllInEpInterrupt
                0x000000000800b350       0x1c ../../libDaisy//build/libdaisy.a(stm32h7xx_ll_usb.o)
                0x000000000800b350                USB_ReadDevAllInEpInterrupt
 .text.USB_ReadDevOutEPInterrupt
                0x000000000800b36c       0x1c ../../libDaisy//build/libdaisy.a(stm32h7xx_ll_usb.o)
                0x000000000800b36c                USB_ReadDevOutEPInterrupt
 .text.USB_ReadDevInEPInterrupt
                0x000000000800b388       0x38 ../../libDaisy//build/libdaisy.a(stm32h7xx_ll_usb.o)
                0x000000000800b388                USB_ReadDevInEPInterrupt
 .text.USB_GetMode
                0x000000000800b3c0        0x8 ../../libDaisy//build/libdaisy.a(stm32h7xx_ll_usb.o)
                0x000000000800b3c0                USB_GetMode
 .text.USB_ActivateSetup
                0x000000000800b3c8       0x38 ../../libDaisy//build/libdaisy.a(stm32h7xx_ll_usb.o)
                0x000000000800b3c8                USB_ActivateSetup
 .text.USB_EP0_OutStart
                0x000000000800b400       0x58 ../../libDaisy//build/libdaisy.a(stm32h7xx_ll_usb.o)
                0x000000000800b400                USB_EP0_OutStart
 .text.USB_InitFSLSPClkSel
                0x000000000800b458       0x44 ../../libDaisy//build/libdaisy.a(stm32h7xx_ll_usb.o)
                0x000000000800b458                USB_InitFSLSPClkSel
 .text.USB_HC_ReadInterrupt
                0x000000000800b49c        0x8 ../../libDaisy//build/libdaisy.a(stm32h7xx_ll_usb.o)
                0x000000000800b49c                USB_HC_ReadInterrupt
 .text.USB_HC_Halt
                0x000000000800b4a4       0xc0 ../../libDaisy//build/libdaisy.a(stm32h7xx_ll_usb.o)
                0x000000000800b4a4                USB_HC_Halt
 .text.USB_StopHost
                0x000000000800b564      0x2ec ../../libDaisy//build/libdaisy.a(stm32h7xx_ll_usb.o)
                0x000000000800b564                USB_StopHost
 .text.USBD_SetClassConfig
                0x000000000800b850       0x14 ../../libDaisy//build/libdaisy.a(usbd_core.o)
                0x000000000800b850                USBD_SetClassConfig
 .text.USBD_ClrClassConfig
                0x000000000800b864       0x10 ../../libDaisy//build/libdaisy.a(usbd_core.o)
                0x000000000800b864                USBD_ClrClassConfig
 .text.USBD_LL_SetupStage
                0x000000000800b874       0x5c ../../libDaisy//build/libdaisy.a(usbd_core.o)
                0x000000000800b874                USBD_LL_SetupStage
 .text.USBD_LL_DataOutStage
                0x000000000800b8d0       0x7c ../../libDaisy//build/libdaisy.a(usbd_core.o)
                0x000000000800b8d0                USBD_LL_DataOutStage
 .text.USBD_LL_DataInStage
                0x000000000800b94c       0xcc ../../libDaisy//build/libdaisy.a(usbd_core.o)
                0x000000000800b94c                USBD_LL_DataInStage
 .text.USBD_LL_Reset
                0x000000000800ba18       0x50 ../../libDaisy//build/libdaisy.a(usbd_core.o)
                0x000000000800ba18                USBD_LL_Reset
 .text.USBD_LL_SetSpeed
                0x000000000800ba68        0x8 ../../libDaisy//build/libdaisy.a(usbd_core.o)
                0x000000000800ba68                USBD_LL_SetSpeed
 .text.USBD_LL_Suspend
                0x000000000800ba70       0x14 ../../libDaisy//build/libdaisy.a(usbd_core.o)
                0x000000000800ba70                USBD_LL_Suspend
 .text.USBD_LL_Resume
                0x000000000800ba84       0x10 ../../libDaisy//build/libdaisy.a(usbd_core.o)
                0x000000000800ba84                USBD_LL_Resume
 .text.USBD_LL_SOF
                0x000000000800ba94       0x1c ../../libDaisy//build/libdaisy.a(usbd_core.o)
                0x000000000800ba94                USBD_LL_SOF
 .text.USBD_LL_IsoINIncomplete
                0x000000000800bab0        0x4 ../../libDaisy//build/libdaisy.a(usbd_core.o)
                0x000000000800bab0                USBD_LL_IsoINIncomplete
 .text.USBD_LL_IsoOUTIncomplete
                0x000000000800bab4        0x4 ../../libDaisy//build/libdaisy.a(usbd_core.o)
                0x000000000800bab4                USBD_LL_IsoOUTIncomplete
 .text.USBD_LL_DevConnected
                0x000000000800bab8        0x4 ../../libDaisy//build/libdaisy.a(usbd_core.o)
                0x000000000800bab8                USBD_LL_DevConnected
 .text.USBD_LL_DevDisconnected
                0x000000000800babc       0x18 ../../libDaisy//build/libdaisy.a(usbd_core.o)
                0x000000000800babc                USBD_LL_DevDisconnected
 .text.USBD_StdDevReq
                0x000000000800bad4      0x304 ../../libDaisy//build/libdaisy.a(usbd_ctlreq.o)
                0x000000000800bad4                USBD_StdDevReq
 .text.USBD_StdItfReq
                0x000000000800bdd8       0x68 ../../libDaisy//build/libdaisy.a(usbd_ctlreq.o)
                0x000000000800bdd8                USBD_StdItfReq
 .text.USBD_StdEPReq
                0x000000000800be40      0x13c ../../libDaisy//build/libdaisy.a(usbd_ctlreq.o)
                0x000000000800be40                USBD_StdEPReq
 .text.USBD_ParseSetupRequest
                0x000000000800bf7c       0x28 ../../libDaisy//build/libdaisy.a(usbd_ctlreq.o)
                0x000000000800bf7c                USBD_ParseSetupRequest
 .text.USBD_CtlSendData
                0x000000000800bfa4       0x1c ../../libDaisy//build/libdaisy.a(usbd_ioreq.o)
                0x000000000800bfa4                USBD_CtlSendData
 .text.USBD_CtlContinueSendData
                0x000000000800bfc0       0x14 ../../libDaisy//build/libdaisy.a(usbd_ioreq.o)
                0x000000000800bfc0                USBD_CtlContinueSendData
 .text.USBD_CtlContinueRx
                0x000000000800bfd4       0x14 ../../libDaisy//build/libdaisy.a(usbd_ioreq.o)
                0x000000000800bfd4                USBD_CtlContinueRx
 .text.USBD_CtlSendStatus
                0x000000000800bfe8       0x18 ../../libDaisy//build/libdaisy.a(usbd_ioreq.o)
                0x000000000800bfe8                USBD_CtlSendStatus
 .text.USBD_CtlReceiveStatus
                0x000000000800c000       0x18 ../../libDaisy//build/libdaisy.a(usbd_ioreq.o)
                0x000000000800c000                USBD_CtlReceiveStatus
 .text.USBH_LL_IncTimer
                0x000000000800c018       0x20 ../../libDaisy//build/libdaisy.a(usbh_core.o)
                0x000000000800c018                USBH_LL_IncTimer
 .text.USBH_LL_PortEnabled
                0x000000000800c038        0x8 ../../libDaisy//build/libdaisy.a(usbh_core.o)
                0x000000000800c038                USBH_LL_PortEnabled
 .text.USBH_LL_PortDisabled
                0x000000000800c040        0x8 ../../libDaisy//build/libdaisy.a(usbh_core.o)
                0x000000000800c040                USBH_LL_PortDisabled
 .text.USBH_LL_Connect
                0x000000000800c048       0x18 ../../libDaisy//build/libdaisy.a(usbh_core.o)
                0x000000000800c048                USBH_LL_Connect
 .text.USBH_LL_Disconnect
                0x000000000800c060       0x2c ../../libDaisy//build/libdaisy.a(usbh_core.o)
                0x000000000800c060                USBH_LL_Disconnect
 .text.USBH_FreePipe
                0x000000000800c08c       0x18 ../../libDaisy//build/libdaisy.a(usbh_pipes.o)
                0x000000000800c08c                USBH_FreePipe
 .text._ZN5daisy6Random4InitEv
                0x000000000800c0a4       0x3c ../../libDaisy//build/libdaisy.a(rng.o)
                0x000000000800c0a4                daisy::Random::Init()
 .text._ZN5daisy9SpiHandle4Impl7InitDmaEv
                0x000000000800c0e0       0xec ../../libDaisy//build/libdaisy.a(spi.o)
                0x000000000800c0e0                daisy::SpiHandle::Impl::InitDma()
 .text._ZN5daisy9SpiHandle4Impl10StartDmaTxEPhjPFvPvEPFvS3_NS0_6ResultEES3_
                0x000000000800c1cc       0xc8 ../../libDaisy//build/libdaisy.a(spi.o)
                0x000000000800c1cc                daisy::SpiHandle::Impl::StartDmaTx(unsigned char*, unsigned int, void (*)(void*), void (*)(void*, daisy::SpiHandle::Result), void*)
 .text._ZN5daisy9SpiHandle4Impl10StartDmaRxEPhjPFvPvEPFvS3_NS0_6ResultEES3_
                0x000000000800c294       0xc8 ../../libDaisy//build/libdaisy.a(spi.o)
                0x000000000800c294                daisy::SpiHandle::Impl::StartDmaRx(unsigned char*, unsigned int, void (*)(void*), void (*)(void*, daisy::SpiHandle::Result), void*)
 .text._ZN5daisy9SpiHandle4Impl12StartDmaRxTxEPhS2_jPFvPvEPFvS3_NS0_6ResultEES3_
                0x000000000800c35c       0xcc ../../libDaisy//build/libdaisy.a(spi.o)
                0x000000000800c35c                daisy::SpiHandle::Impl::StartDmaRxTx(unsigned char*, unsigned char*, unsigned int, void (*)(void*), void (*)(void*, daisy::SpiHandle::Result), void*)
 .text._ZN5daisy9SpiHandle4Impl8InitPinsEv
                0x000000000800c428      0x274 ../../libDaisy//build/libdaisy.a(spi.o)
                0x000000000800c428                daisy::SpiHandle::Impl::InitPins()
 .text.HAL_SPI_MspInit
                0x000000000800c69c      0x1a8 ../../libDaisy//build/libdaisy.a(spi.o)
                0x000000000800c69c                HAL_SPI_MspInit
 .text.dsy_spi_global_init
                0x000000000800c844       0x80 ../../libDaisy//build/libdaisy.a(spi.o)
                0x000000000800c844                dsy_spi_global_init
 .text.SPI1_IRQHandler
                0x000000000800c8c4        0xc ../../libDaisy//build/libdaisy.a(spi.o)
                0x000000000800c8c4                SPI1_IRQHandler
 .text.SPI2_IRQHandler
                0x000000000800c8d0        0xc ../../libDaisy//build/libdaisy.a(spi.o)
                0x000000000800c8d0                SPI2_IRQHandler
 .text.SPI3_IRQHandler
                0x000000000800c8dc        0xc ../../libDaisy//build/libdaisy.a(spi.o)
                0x000000000800c8dc                SPI3_IRQHandler
 .text.SPI4_IRQHandler
                0x000000000800c8e8        0xc ../../libDaisy//build/libdaisy.a(spi.o)
                0x000000000800c8e8                SPI4_IRQHandler
 .text.SPI5_IRQHandler
                0x000000000800c8f4        0xc ../../libDaisy//build/libdaisy.a(spi.o)
                0x000000000800c8f4                SPI5_IRQHandler
 .text.DMA2_Stream2_IRQHandler
                0x000000000800c900       0x34 ../../libDaisy//build/libdaisy.a(spi.o)
                0x000000000800c900                DMA2_Stream2_IRQHandler
 .text.DMA2_Stream3_IRQHandler
                0x000000000800c934       0x38 ../../libDaisy//build/libdaisy.a(spi.o)
                0x000000000800c934                DMA2_Stream3_IRQHandler
 .text.HAL_SPI_TxCpltCallback
                0x000000000800c96c       0xc4 ../../libDaisy//build/libdaisy.a(spi.o)
                0x000000000800c96c                HAL_SPI_TxCpltCallback
 .text.HAL_SPI_RxCpltCallback
                0x000000000800ca30       0xc4 ../../libDaisy//build/libdaisy.a(spi.o)
                0x000000000800ca30                HAL_SPI_RxCpltCallback
 .text.HAL_SPI_TxRxCpltCallback
                0x000000000800caf4       0xc4 ../../libDaisy//build/libdaisy.a(spi.o)
                0x000000000800caf4                HAL_SPI_TxRxCpltCallback
 .text.HAL_SPI_ErrorCallback
                0x000000000800cbb8       0xc8 ../../libDaisy//build/libdaisy.a(spi.o)
                0x000000000800cbb8                HAL_SPI_ErrorCallback
 .text.startup._GLOBAL__sub_I__Z19MapInstanceToHandleP11SPI_TypeDef
                0x000000000800cc80      0x1b0 ../../libDaisy//build/libdaisy.a(spi.o)
 .text.HAL_TIM_Base_MspInit
                0x000000000800ce30      0x1e0 ../../libDaisy//build/libdaisy.a(tim.o)
                0x000000000800ce30                HAL_TIM_Base_MspInit
 .text.HAL_TIM_PeriodElapsedCallback
                0x000000000800d010       0x44 ../../libDaisy//build/libdaisy.a(tim.o)
                0x000000000800d010                HAL_TIM_PeriodElapsedCallback
 .text.TIM2_IRQHandler
                0x000000000800d054        0xc ../../libDaisy//build/libdaisy.a(tim.o)
                0x000000000800d054                TIM2_IRQHandler
 .text.TIM3_IRQHandler
                0x000000000800d060        0xc ../../libDaisy//build/libdaisy.a(tim.o)
                0x000000000800d060                TIM3_IRQHandler
 .text.TIM4_IRQHandler
                0x000000000800d06c        0xc ../../libDaisy//build/libdaisy.a(tim.o)
                0x000000000800d06c                TIM4_IRQHandler
 .text.TIM5_IRQHandler
                0x000000000800d078        0xc ../../libDaisy//build/libdaisy.a(tim.o)
                0x000000000800d078                TIM5_IRQHandler
 .text._ZN5daisy11TimerHandle4InitERKNS0_6ConfigE
                0x000000000800d084       0xd0 ../../libDaisy//build/libdaisy.a(tim.o)
                0x000000000800d084                daisy::TimerHandle::Init(daisy::TimerHandle::Config const&)
 .text._ZN5daisy11TimerHandle5StartEv
                0x000000000800d154       0x24 ../../libDaisy//build/libdaisy.a(tim.o)
                0x000000000800d154                daisy::TimerHandle::Start()
 .text.startup._GLOBAL__sub_I__ZN5daisy11TimerHandle4Impl4InitERKNS0_6ConfigE
                0x000000000800d178       0x38 ../../libDaisy//build/libdaisy.a(tim.o)
 .text._ZL20UART_CheckRxListenerPN5daisy11UartHandler4ImplE
                0x000000000800d1b0       0x84 ../../libDaisy//build/libdaisy.a(uart.o)
 .text._ZN5daisy11UartHandler4Impl10StartDmaTxEPhjPFvPvEPFvS3_NS0_6ResultEES3_
                0x000000000800d234      0x184 ../../libDaisy//build/libdaisy.a(uart.o)
                0x000000000800d234                daisy::UartHandler::Impl::StartDmaTx(unsigned char*, unsigned int, void (*)(void*), void (*)(void*, daisy::UartHandler::Result), void*)
 .text._ZN5daisy11UartHandler4Impl10StartDmaRxEPhjPFvPvEPFvS3_NS0_6ResultEES3_
                0x000000000800d3b8      0x184 ../../libDaisy//build/libdaisy.a(uart.o)
                0x000000000800d3b8                daisy::UartHandler::Impl::StartDmaRx(unsigned char*, unsigned int, void (*)(void*), void (*)(void*, daisy::UartHandler::Result), void*)
 .text._ZN5daisy11UartHandler4Impl19DmaTransferFinishedEP20__UART_HandleTypeDefNS0_6ResultE
                0x000000000800d53c       0xc0 ../../libDaisy//build/libdaisy.a(uart.o)
                0x000000000800d53c                daisy::UartHandler::Impl::DmaTransferFinished(__UART_HandleTypeDef*, daisy::UartHandler::Result)
 .text._ZN5daisy11UartHandler4Impl8InitPinsEv
                0x000000000800d5fc      0x154 ../../libDaisy//build/libdaisy.a(uart.o)
                0x000000000800d5fc                daisy::UartHandler::Impl::InitPins()
 .text.HAL_UART_MspInit
                0x000000000800d750      0x210 ../../libDaisy//build/libdaisy.a(uart.o)
                0x000000000800d750                HAL_UART_MspInit
 .text.dsy_uart_global_init
                0x000000000800d960       0xfc ../../libDaisy//build/libdaisy.a(uart.o)
                0x000000000800d960                dsy_uart_global_init
 .text.USART1_IRQHandler
                0x000000000800da5c       0x2c ../../libDaisy//build/libdaisy.a(uart.o)
                0x000000000800da5c                USART1_IRQHandler
 .text.USART2_IRQHandler
                0x000000000800da88       0x34 ../../libDaisy//build/libdaisy.a(uart.o)
                0x000000000800da88                USART2_IRQHandler
 .text.USART3_IRQHandler
                0x000000000800dabc       0x34 ../../libDaisy//build/libdaisy.a(uart.o)
                0x000000000800dabc                USART3_IRQHandler
 .text.UART4_IRQHandler
                0x000000000800daf0       0x34 ../../libDaisy//build/libdaisy.a(uart.o)
                0x000000000800daf0                UART4_IRQHandler
 .text.UART5_IRQHandler
                0x000000000800db24       0x34 ../../libDaisy//build/libdaisy.a(uart.o)
                0x000000000800db24                UART5_IRQHandler
 .text.USART6_IRQHandler
                0x000000000800db58       0x34 ../../libDaisy//build/libdaisy.a(uart.o)
                0x000000000800db58                USART6_IRQHandler
 .text.UART7_IRQHandler
                0x000000000800db8c       0x34 ../../libDaisy//build/libdaisy.a(uart.o)
                0x000000000800db8c                UART7_IRQHandler
 .text.UART8_IRQHandler
                0x000000000800dbc0       0x34 ../../libDaisy//build/libdaisy.a(uart.o)
                0x000000000800dbc0                UART8_IRQHandler
 .text.LPUART1_IRQHandler
                0x000000000800dbf4       0x34 ../../libDaisy//build/libdaisy.a(uart.o)
                0x000000000800dbf4                LPUART1_IRQHandler
 .text.DMA1_Stream5_IRQHandler
                0x000000000800dc28       0x34 ../../libDaisy//build/libdaisy.a(uart.o)
                0x000000000800dc28                DMA1_Stream5_IRQHandler
 .text.DMA2_Stream4_IRQHandler
                0x000000000800dc5c       0x38 ../../libDaisy//build/libdaisy.a(uart.o)
                0x000000000800dc5c                DMA2_Stream4_IRQHandler
 .text.HAL_UART_TxCpltCallback
                0x000000000800dc94        0x8 ../../libDaisy//build/libdaisy.a(uart.o)
                0x000000000800dc94                HAL_UART_TxCpltCallback
 .text.HAL_UART_RxCpltCallback
                0x000000000800dc9c       0x94 ../../libDaisy//build/libdaisy.a(uart.o)
                0x000000000800dc9c                HAL_UART_RxCpltCallback
 .text.HAL_UART_RxHalfCpltCallback
                0x000000000800dd30       0x90 ../../libDaisy//build/libdaisy.a(uart.o)
                0x000000000800dd30                HAL_UART_RxHalfCpltCallback
 .text.HAL_UART_ErrorCallback
                0x000000000800ddc0        0x8 ../../libDaisy//build/libdaisy.a(uart.o)
                0x000000000800ddc0                HAL_UART_ErrorCallback
 .text.startup._GLOBAL__sub_I__Z19MapInstanceToHandleP13USART_TypeDef
                0x000000000800ddc8      0x194 ../../libDaisy//build/libdaisy.a(uart.o)
 .text.dsy_dma_init
                0x000000000800df5c      0x100 ../../libDaisy//build/libdaisy.a(dma.o)
                0x000000000800df5c                dsy_dma_init
 .text.dsy_dma_invalidate_cache_for_buffer
                0x000000000800e05c       0x2c ../../libDaisy//build/libdaisy.a(dma.o)
                0x000000000800e05c                dsy_dma_invalidate_cache_for_buffer
 .text.HAL_MDMA_Abort_IT
                0x000000000800e088       0x2c ../../libDaisy//build/libdaisy.a(stm32h7xx_hal_mdma.o)
                0x000000000800e088                HAL_MDMA_Abort_IT
 .text.SPI_CloseTransfer
                0x000000000800e0b4       0xb8 ../../libDaisy//build/libdaisy.a(stm32h7xx_hal_spi.o)
 .text.HAL_SPI_Init
                0x000000000800e16c      0x15c ../../libDaisy//build/libdaisy.a(stm32h7xx_hal_spi.o)
                0x000000000800e16c                HAL_SPI_Init
 .text.HAL_SPI_Transmit_DMA
                0x000000000800e2c8      0x170 ../../libDaisy//build/libdaisy.a(stm32h7xx_hal_spi.o)
                0x000000000800e2c8                HAL_SPI_Transmit_DMA
 .text.HAL_SPI_TransmitReceive_DMA
                0x000000000800e438      0x218 ../../libDaisy//build/libdaisy.a(stm32h7xx_hal_spi.o)
                0x000000000800e438                HAL_SPI_TransmitReceive_DMA
 .text.HAL_SPI_Receive_DMA
                0x000000000800e650      0x1b4 ../../libDaisy//build/libdaisy.a(stm32h7xx_hal_spi.o)
                0x000000000800e650                HAL_SPI_Receive_DMA
 .text.SPI_DMATransmitCplt
                0x000000000800e804       0x28 ../../libDaisy//build/libdaisy.a(stm32h7xx_hal_spi.o)
 .text.SPI_DMAReceiveCplt
                0x000000000800e82c       0x28 ../../libDaisy//build/libdaisy.a(stm32h7xx_hal_spi.o)
 .text.SPI_DMATransmitReceiveCplt
                0x000000000800e854       0x28 ../../libDaisy//build/libdaisy.a(stm32h7xx_hal_spi.o)
 .text.HAL_SPI_TxHalfCpltCallback
                0x000000000800e87c        0x4 ../../libDaisy//build/libdaisy.a(stm32h7xx_hal_spi.o)
                0x000000000800e87c                HAL_SPI_TxHalfCpltCallback
 .text.SPI_DMAHalfTransmitCplt
                0x000000000800e880        0xc ../../libDaisy//build/libdaisy.a(stm32h7xx_hal_spi.o)
 .text.HAL_SPI_RxHalfCpltCallback
                0x000000000800e88c        0x4 ../../libDaisy//build/libdaisy.a(stm32h7xx_hal_spi.o)
                0x000000000800e88c                HAL_SPI_RxHalfCpltCallback
 .text.SPI_DMAHalfReceiveCplt
                0x000000000800e890        0xc ../../libDaisy//build/libdaisy.a(stm32h7xx_hal_spi.o)
 .text.HAL_SPI_TxRxHalfCpltCallback
                0x000000000800e89c        0x4 ../../libDaisy//build/libdaisy.a(stm32h7xx_hal_spi.o)
                0x000000000800e89c                HAL_SPI_TxRxHalfCpltCallback
 .text.SPI_DMAHalfTransmitReceiveCplt
                0x000000000800e8a0        0xc ../../libDaisy//build/libdaisy.a(stm32h7xx_hal_spi.o)
 .text.SPI_DMAError
                0x000000000800e8ac       0xd8 ../../libDaisy//build/libdaisy.a(stm32h7xx_hal_spi.o)
 .text.HAL_SPI_IRQHandler
                0x000000000800e984      0x23c ../../libDaisy//build/libdaisy.a(stm32h7xx_hal_spi.o)
                0x000000000800e984                HAL_SPI_IRQHandler
 .text.SPI_DMAAbortOnError
                0x000000000800ebc0       0x1c ../../libDaisy//build/libdaisy.a(stm32h7xx_hal_spi.o)
 .text.HAL_SPI_GetState
                0x000000000800ebdc        0x8 ../../libDaisy//build/libdaisy.a(stm32h7xx_hal_spi.o)
                0x000000000800ebdc                HAL_SPI_GetState
 .text.HAL_TIM_Base_Init
                0x000000000800ebe4      0x140 ../../libDaisy//build/libdaisy.a(stm32h7xx_hal_tim.o)
                0x000000000800ebe4                HAL_TIM_Base_Init
 .text.HAL_TIM_Base_Start
                0x000000000800ed24       0x34 ../../libDaisy//build/libdaisy.a(stm32h7xx_hal_tim.o)
                0x000000000800ed24                HAL_TIM_Base_Start
 .text.HAL_TIM_Base_Start_IT
                0x000000000800ed58       0x2c ../../libDaisy//build/libdaisy.a(stm32h7xx_hal_tim.o)
                0x000000000800ed58                HAL_TIM_Base_Start_IT
 .text.HAL_TIM_ConfigClockSource
                0x000000000800ed84      0x17c ../../libDaisy//build/libdaisy.a(stm32h7xx_hal_tim.o)
                0x000000000800ed84                HAL_TIM_ConfigClockSource
 .text.HAL_TIM_OC_DelayElapsedCallback
                0x000000000800ef00        0x4 ../../libDaisy//build/libdaisy.a(stm32h7xx_hal_tim.o)
                0x000000000800ef00                HAL_TIM_OC_DelayElapsedCallback
 .text.HAL_TIM_IC_CaptureCallback
                0x000000000800ef04        0x4 ../../libDaisy//build/libdaisy.a(stm32h7xx_hal_tim.o)
                0x000000000800ef04                HAL_TIM_IC_CaptureCallback
 .text.HAL_TIM_PWM_PulseFinishedCallback
                0x000000000800ef08        0x4 ../../libDaisy//build/libdaisy.a(stm32h7xx_hal_tim.o)
                0x000000000800ef08                HAL_TIM_PWM_PulseFinishedCallback
 .text.HAL_TIM_TriggerCallback
                0x000000000800ef0c        0x4 ../../libDaisy//build/libdaisy.a(stm32h7xx_hal_tim.o)
                0x000000000800ef0c                HAL_TIM_TriggerCallback
 .text.HAL_TIM_IRQHandler
                0x000000000800ef10      0x170 ../../libDaisy//build/libdaisy.a(stm32h7xx_hal_tim.o)
                0x000000000800ef10                HAL_TIM_IRQHandler
 .text.HAL_TIMEx_MasterConfigSynchronization
                0x000000000800f080       0x64 ../../libDaisy//build/libdaisy.a(stm32h7xx_hal_tim_ex.o)
                0x000000000800f080                HAL_TIMEx_MasterConfigSynchronization
 .text.HAL_TIMEx_CommutCallback
                0x000000000800f0e4        0x4 ../../libDaisy//build/libdaisy.a(stm32h7xx_hal_tim_ex.o)
                0x000000000800f0e4                HAL_TIMEx_CommutCallback
 .text.HAL_TIMEx_BreakCallback
                0x000000000800f0e8        0x4 ../../libDaisy//build/libdaisy.a(stm32h7xx_hal_tim_ex.o)
                0x000000000800f0e8                HAL_TIMEx_BreakCallback
 .text.HAL_TIMEx_Break2Callback
                0x000000000800f0ec        0x4 ../../libDaisy//build/libdaisy.a(stm32h7xx_hal_tim_ex.o)
                0x000000000800f0ec                HAL_TIMEx_Break2Callback
 .text.HAL_UART_Transmit_DMA
                0x000000000800f0f0       0xa4 ../../libDaisy//build/libdaisy.a(stm32h7xx_hal_uart.o)
                0x000000000800f0f0                HAL_UART_Transmit_DMA
 .text.HAL_UART_Receive_DMA
                0x000000000800f194       0xac ../../libDaisy//build/libdaisy.a(stm32h7xx_hal_uart.o)
                0x000000000800f194                HAL_UART_Receive_DMA
 .text.UART_DMATransmitCplt
                0x000000000800f240       0x2c ../../libDaisy//build/libdaisy.a(stm32h7xx_hal_uart.o)
 .text.HAL_UART_TxHalfCpltCallback
                0x000000000800f26c        0x4 ../../libDaisy//build/libdaisy.a(stm32h7xx_hal_uart.o)
                0x000000000800f26c                HAL_UART_TxHalfCpltCallback
 .text.UART_DMATxHalfCplt
                0x000000000800f270        0xc ../../libDaisy//build/libdaisy.a(stm32h7xx_hal_uart.o)
 .text.UART_DMAReceiveCplt
                0x000000000800f27c       0x38 ../../libDaisy//build/libdaisy.a(stm32h7xx_hal_uart.o)
 .text.UART_DMARxHalfCplt
                0x000000000800f2b4        0xc ../../libDaisy//build/libdaisy.a(stm32h7xx_hal_uart.o)
 .text.UART_DMAError
                0x000000000800f2c0       0x78 ../../libDaisy//build/libdaisy.a(stm32h7xx_hal_uart.o)
 .text.HAL_UART_IRQHandler
                0x000000000800f338      0x1d0 ../../libDaisy//build/libdaisy.a(stm32h7xx_hal_uart.o)
                0x000000000800f338                HAL_UART_IRQHandler
 .text.UART_DMAAbortOnError
                0x000000000800f508       0x14 ../../libDaisy//build/libdaisy.a(stm32h7xx_hal_uart.o)
 .text.HAL_UART_GetState
                0x000000000800f51c        0xc ../../libDaisy//build/libdaisy.a(stm32h7xx_hal_uart.o)
                0x000000000800f51c                HAL_UART_GetState
 .text.UART_SetConfig
                0x000000000800f528     0x14b8 ../../libDaisy//build/libdaisy.a(stm32h7xx_hal_uart.o)
                0x000000000800f528                UART_SetConfig
 .text.UART_AdvFeatureConfig
                0x00000000080109e0       0xb0 ../../libDaisy//build/libdaisy.a(stm32h7xx_hal_uart.o)
                0x00000000080109e0                UART_AdvFeatureConfig
 .text.UART_CheckIdleState
                0x0000000008010a90       0x84 ../../libDaisy//build/libdaisy.a(stm32h7xx_hal_uart.o)
                0x0000000008010a90                UART_CheckIdleState
 .text.HAL_UART_Init
                0x0000000008010b14       0x68 ../../libDaisy//build/libdaisy.a(stm32h7xx_hal_uart.o)
                0x0000000008010b14                HAL_UART_Init
 .text.HAL_UARTEx_WakeupCallback
                0x0000000008010b7c        0x4 ../../libDaisy//build/libdaisy.a(stm32h7xx_hal_uart_ex.o)
                0x0000000008010b7c                HAL_UARTEx_WakeupCallback
 .text.HAL_UARTEx_RxFifoFullCallback
                0x0000000008010b80        0x4 ../../libDaisy//build/libdaisy.a(stm32h7xx_hal_uart_ex.o)
                0x0000000008010b80                HAL_UARTEx_RxFifoFullCallback
 .text.HAL_UARTEx_TxFifoEmptyCallback
                0x0000000008010b84        0x4 ../../libDaisy//build/libdaisy.a(stm32h7xx_hal_uart_ex.o)
                0x0000000008010b84                HAL_UARTEx_TxFifoEmptyCallback
 .text._ZN7daisysp6Phaser4InitEf
                0x0000000008010b88       0xec ../../DaisySP//build/libdaisysp.a(phaser.o)
                0x0000000008010b88                daisysp::Phaser::Init(float)
 .text._ZN7daisysp6Phaser7ProcessEf
                0x0000000008010c74      0x134 ../../DaisySP//build/libdaisysp.a(phaser.o)
                0x0000000008010c74                daisysp::Phaser::Process(float)
 .text._ZN7daisysp6Phaser8SetPolesEi
                0x0000000008010da8       0x18 ../../DaisySP//build/libdaisysp.a(phaser.o)
                0x0000000008010da8                daisysp::Phaser::SetPoles(int)
 .text._ZN7daisysp6Phaser11SetLfoDepthEf
                0x0000000008010dc0       0x64 ../../DaisySP//build/libdaisysp.a(phaser.o)
                0x0000000008010dc0                daisysp::Phaser::SetLfoDepth(float)
 .text._ZN7daisysp6Phaser10SetLfoFreqEf
                0x0000000008010e24      0x1d4 ../../DaisySP//build/libdaisysp.a(phaser.o)
                0x0000000008010e24                daisysp::Phaser::SetLfoFreq(float)
 .text._ZN7daisysp6Phaser7SetFreqEf
                0x0000000008010ff8       0x68 ../../DaisySP//build/libdaisysp.a(phaser.o)
                0x0000000008010ff8                daisysp::Phaser::SetFreq(float)
 .text._ZN7daisysp6Phaser11SetFeedbackEf
                0x0000000008011060       0x64 ../../DaisySP//build/libdaisysp.a(phaser.o)
                0x0000000008011060                daisysp::Phaser::SetFeedback(float)
 .text.__aeabi_atexit
                0x00000000080110c4        0xa /Library/DaisyToolchain/0.2.0/arm/bin/../lib/gcc/arm-none-eabi/10.3.1/../../../../arm-none-eabi/lib/thumb/v7e-m+dp/hard/libstdc++_nano.a(atexit_arm.o)
                0x00000000080110c4                __aeabi_atexit
 *fill*         0x00000000080110ce        0x2 
 .text.powf     0x00000000080110d0      0x328 /Library/DaisyToolchain/0.2.0/arm/bin/../lib/gcc/arm-none-eabi/10.3.1/../../../../arm-none-eabi/lib/thumb/v7e-m+dp/hard/libm.a(lib_a-sf_pow.o)
                0x00000000080110d0                powf
 .text.with_errnof
                0x00000000080113f8       0x18 /Library/DaisyToolchain/0.2.0/arm/bin/../lib/gcc/arm-none-eabi/10.3.1/../../../../arm-none-eabi/lib/thumb/v7e-m+dp/hard/libm.a(lib_a-math_errf.o)
 .text.xflowf   0x0000000008011410       0x20 /Library/DaisyToolchain/0.2.0/arm/bin/../lib/gcc/arm-none-eabi/10.3.1/../../../../arm-none-eabi/lib/thumb/v7e-m+dp/hard/libm.a(lib_a-math_errf.o)
 .text.__math_uflowf
                0x0000000008011430        0xc /Library/DaisyToolchain/0.2.0/arm/bin/../lib/gcc/arm-none-eabi/10.3.1/../../../../arm-none-eabi/lib/thumb/v7e-m+dp/hard/libm.a(lib_a-math_errf.o)
                0x0000000008011430                __math_uflowf
 .text.__math_may_uflowf
                0x000000000801143c        0xc /Library/DaisyToolchain/0.2.0/arm/bin/../lib/gcc/arm-none-eabi/10.3.1/../../../../arm-none-eabi/lib/thumb/v7e-m+dp/hard/libm.a(lib_a-math_errf.o)
                0x000000000801143c                __math_may_uflowf
 .text.__math_oflowf
                0x0000000008011448        0xc /Library/DaisyToolchain/0.2.0/arm/bin/../lib/gcc/arm-none-eabi/10.3.1/../../../../arm-none-eabi/lib/thumb/v7e-m+dp/hard/libm.a(lib_a-math_errf.o)
                0x0000000008011448                __math_oflowf
 .text.__math_divzerof
                0x0000000008011454       0x24 /Library/DaisyToolchain/0.2.0/arm/bin/../lib/gcc/arm-none-eabi/10.3.1/../../../../arm-none-eabi/lib/thumb/v7e-m+dp/hard/libm.a(lib_a-math_errf.o)
                0x0000000008011454                __math_divzerof
 .text.__math_invalidf
                0x0000000008011478       0x20 /Library/DaisyToolchain/0.2.0/arm/bin/../lib/gcc/arm-none-eabi/10.3.1/../../../../arm-none-eabi/lib/thumb/v7e-m+dp/hard/libm.a(lib_a-math_errf.o)
                0x0000000008011478                __math_invalidf
 .text.__cxa_atexit
                0x0000000008011498       0x1c /Library/DaisyToolchain/0.2.0/arm/bin/../lib/gcc/arm-none-eabi/10.3.1/../../../../arm-none-eabi/lib/thumb/v7e-m+dp/hard/libc_nano.a(lib_a-cxa_atexit.o)
                0x0000000008011498                __cxa_atexit
 .text.__errno  0x00000000080114b4        0xc /Library/DaisyToolchain/0.2.0/arm/bin/../lib/gcc/arm-none-eabi/10.3.1/../../../../arm-none-eabi/lib/thumb/v7e-m+dp/hard/libc_nano.a(lib_a-errno.o)
                0x00000000080114b4                __errno
 .text.__libc_init_array
                0x00000000080114c0       0x48 /Library/DaisyToolchain/0.2.0/arm/bin/../lib/gcc/arm-none-eabi/10.3.1/../../../../arm-none-eabi/lib/thumb/v7e-m+dp/hard/libc_nano.a(lib_a-init.o)
                0x00000000080114c0                __libc_init_array
 .text.memcpy   0x0000000008011508       0x1c /Library/DaisyToolchain/0.2.0/arm/bin/../lib/gcc/arm-none-eabi/10.3.1/../../../../arm-none-eabi/lib/thumb/v7e-m+dp/hard/libc_nano.a(lib_a-memcpy-stub.o)
                0x0000000008011508                memcpy
 .text.memset   0x0000000008011524       0x10 /Library/DaisyToolchain/0.2.0/arm/bin/../lib/gcc/arm-none-eabi/10.3.1/../../../../arm-none-eabi/lib/thumb/v7e-m+dp/hard/libc_nano.a(lib_a-memset.o)
                0x0000000008011524                memset
 *(.rodata)
 .rodata        0x0000000008011534       0x10 ../../libDaisy//build/libdaisy.a(i2c.o)
 .rodata        0x0000000008011544       0x10 ../../libDaisy//build/libdaisy.a(tim.o)
 .rodata        0x0000000008011554       0x12 ../../libDaisy//build/libdaisy.a(uart.o)
 *(.rodata*)
 *fill*         0x0000000008011566        0x2 
 .rodata._ZN5daisy4seedL2D1E
                0x0000000008011568        0x2 build/GuitarPedal.o
 *fill*         0x000000000801156a        0x2 
 .rodata._ZL16dsy_adc_rank_map
                0x000000000801156c       0x40 ../../libDaisy//build/libdaisy.a(adc.o)
 .rodata.CSWTCH.35
                0x00000000080115ac        0x3 ../../libDaisy//build/libdaisy.a(sai.o)
 *fill*         0x00000000080115af        0x1 
 .rodata.CSWTCH.36
                0x00000000080115b0        0xc ../../libDaisy//build/libdaisy.a(sai.o)
 .rodata.CSWTCH.44
                0x00000000080115bc       0x14 ../../libDaisy//build/libdaisy.a(sai.o)
 .rodata.D1CorePrescTable
                0x00000000080115d0       0x10 ../../libDaisy//build/libdaisy.a(system_stm32h7xx.o)
                0x00000000080115d0                D1CorePrescTable
 .rodata.CSWTCH.24